Component: ARM Compiler 5.06 update 6 (build 750) Tool: armlink [4d35ed]

==============================================================================

Section Cross References

    startup_stm32f411xe.o(STACK) refers (Special) to heapauxi.o(.text) for __use_two_region_memory
    startup_stm32f411xe.o(HEAP) refers (Special) to heapauxi.o(.text) for __use_two_region_memory
    startup_stm32f411xe.o(RESET) refers (Special) to heapauxi.o(.text) for __use_two_region_memory
    startup_stm32f411xe.o(RESET) refers to startup_stm32f411xe.o(STACK) for __initial_sp
    startup_stm32f411xe.o(RESET) refers to startup_stm32f411xe.o(.text) for Reset_Handler
    startup_stm32f411xe.o(RESET) refers to stm32f4xx_it.o(i.NMI_Handler) for NMI_Handler
    startup_stm32f411xe.o(RESET) refers to stm32f4xx_it.o(i.HardFault_Handler) for HardFault_Handler
    startup_stm32f411xe.o(RESET) refers to stm32f4xx_it.o(i.MemManage_Handler) for MemManage_Handler
    startup_stm32f411xe.o(RESET) refers to stm32f4xx_it.o(i.BusFault_Handler) for BusFault_Handler
    startup_stm32f411xe.o(RESET) refers to stm32f4xx_it.o(i.UsageFault_Handler) for UsageFault_Handler
    startup_stm32f411xe.o(RESET) refers to stm32f4xx_it.o(i.SVC_Handler) for SVC_Handler
    startup_stm32f411xe.o(RESET) refers to stm32f4xx_it.o(i.DebugMon_Handler) for DebugMon_Handler
    startup_stm32f411xe.o(RESET) refers to stm32f4xx_it.o(i.PendSV_Handler) for PendSV_Handler
    startup_stm32f411xe.o(RESET) refers to stm32f4xx_it.o(i.SysTick_Handler) for SysTick_Handler
    startup_stm32f411xe.o(RESET) refers to stm32f4xx_it.o(i.TIM1_BRK_TIM9_IRQHandler) for TIM1_BRK_TIM9_IRQHandler
    startup_stm32f411xe.o(RESET) refers to stm32f4xx_it.o(i.USART2_IRQHandler) for USART2_IRQHandler
    startup_stm32f411xe.o(.text) refers (Special) to heapauxi.o(.text) for __use_two_region_memory
    startup_stm32f411xe.o(.text) refers to system_stm32f4xx.o(i.SystemInit) for SystemInit
    startup_stm32f411xe.o(.text) refers to __main.o(!!!main) for __main
    startup_stm32f411xe.o(.text) refers to startup_stm32f411xe.o(HEAP) for Heap_Mem
    startup_stm32f411xe.o(.text) refers to startup_stm32f411xe.o(STACK) for Stack_Mem
    main.o(i.Calculate_Velocity) refers to main.o(i.filter) for filter
    main.o(i.Calculate_Velocity) refers to f2d.o(x$fpl$f2d) for __aeabi_f2d
    main.o(i.Calculate_Velocity) refers to ddiv.o(x$fpl$ddiv) for __aeabi_ddiv
    main.o(i.Calculate_Velocity) refers to dmul.o(x$fpl$dmul) for __aeabi_dmul
    main.o(i.Calculate_Velocity) refers to d2f.o(x$fpl$d2f) for __aeabi_d2f
    main.o(i.Calculate_Velocity) refers to pid.o(i.PID_Calculate) for PID_Calculate
    main.o(i.Calculate_Velocity) refers to pid.o(i.PID_Reset) for PID_Reset
    main.o(i.Calculate_Velocity) refers to pid.o(i.soft_start) for soft_start
    main.o(i.Calculate_Velocity) refers to sqrt.o(i.__hardfp_sqrt) for __hardfp_sqrt
    main.o(i.Calculate_Velocity) refers to main.o(.bss) for .bss
    main.o(i.Calculate_Velocity) refers to main.o(.data) for .data
    main.o(i.Calculate_Velocity) refers to response.o(.data) for speed_front
    main.o(i.Calculate_Velocity) refers to daddsub_clz.o(x$fpl$dadd) for __aeabi_dadd
    main.o(i.HAL_TIM_PeriodElapsedCallback) refers to main.o(.bss) for .bss
    main.o(i.HAL_TIM_PeriodElapsedCallback) refers to main.o(.data) for .data
    main.o(i.HAL_UART_RxCpltCallback) refers to uart.o(i.uart_receive_data) for uart_receive_data
    main.o(i.HAL_UART_RxCpltCallback) refers to stm32f4xx_hal_uart.o(i.HAL_UART_Receive_IT) for HAL_UART_Receive_IT
    main.o(i.HAL_UART_RxCpltCallback) refers to main.o(.bss) for .bss
    main.o(i.HAL_UART_RxCpltCallback) refers to main.o(.data) for .data
    main.o(i.MX_GPIO_Init) refers to rt_memclr_w.o(.text) for __aeabi_memclr4
    main.o(i.MX_GPIO_Init) refers to stm32f4xx_hal_gpio.o(i.HAL_GPIO_WritePin) for HAL_GPIO_WritePin
    main.o(i.MX_GPIO_Init) refers to stm32f4xx_hal_gpio.o(i.HAL_GPIO_Init) for HAL_GPIO_Init
    main.o(i.MX_TIM1_Init) refers to rt_memclr_w.o(.text) for __aeabi_memclr4
    main.o(i.MX_TIM1_Init) refers to stm32f4xx_hal_tim.o(i.HAL_TIM_Encoder_Init) for HAL_TIM_Encoder_Init
    main.o(i.MX_TIM1_Init) refers to stm32f4xx_hal_tim_ex.o(i.HAL_TIMEx_MasterConfigSynchronization) for HAL_TIMEx_MasterConfigSynchronization
    main.o(i.MX_TIM1_Init) refers to main.o(.bss) for .bss
    main.o(i.MX_TIM2_Init) refers to rt_memclr_w.o(.text) for __aeabi_memclr4
    main.o(i.MX_TIM2_Init) refers to stm32f4xx_hal_tim.o(i.HAL_TIM_Encoder_Init) for HAL_TIM_Encoder_Init
    main.o(i.MX_TIM2_Init) refers to stm32f4xx_hal_tim_ex.o(i.HAL_TIMEx_MasterConfigSynchronization) for HAL_TIMEx_MasterConfigSynchronization
    main.o(i.MX_TIM2_Init) refers to main.o(.bss) for .bss
    main.o(i.MX_TIM3_Init) refers to rt_memclr_w.o(.text) for __aeabi_memclr4
    main.o(i.MX_TIM3_Init) refers to stm32f4xx_hal_tim.o(i.HAL_TIM_Encoder_Init) for HAL_TIM_Encoder_Init
[...]
    i.HAL_DMA_Abort                          0x080019ae   Section        0  stm32f4xx_hal_dma.o(i.HAL_DMA_Abort)
    i.HAL_DMA_Abort_IT                       0x08001a40   Section        0  stm32f4xx_hal_dma.o(i.HAL_DMA_Abort_IT)
    i.HAL_GPIO_Init                          0x08001a64   Section        0  stm32f4xx_hal_gpio.o(i.HAL_GPIO_Init)
    i.HAL_GPIO_WritePin                      0x08001c44   Section        0  stm32f4xx_hal_gpio.o(i.HAL_GPIO_WritePin)
    i.HAL_GetTick                            0x08001c50   Section        0  stm32f4xx_hal.o(i.HAL_GetTick)
    i.HAL_IncTick                            0x08001c5c   Section        0  stm32f4xx_hal.o(i.HAL_IncTick)
    i.HAL_Init                               0x08001c6c   Section        0  stm32f4xx_hal.o(i.HAL_Init)
    i.HAL_InitTick                           0x08001ca0   Section        0  stm32f4xx_hal.o(i.HAL_InitTick)
    i.HAL_MspInit                            0x08001ce0   Section        0  stm32f4xx_hal_msp.o(i.HAL_MspInit)
    i.HAL_NVIC_EnableIRQ                     0x08001d10   Section        0  stm32f4xx_hal_cortex.o(i.HAL_NVIC_EnableIRQ)
    i.HAL_NVIC_SetPriority                   0x08001d2c   Section        0  stm32f4xx_hal_cortex.o(i.HAL_NVIC_SetPriority)
    i.HAL_NVIC_SetPriorityGrouping           0x08001d6c   Section        0  stm32f4xx_hal_cortex.o(i.HAL_NVIC_SetPriorityGrouping)
    i.HAL_RCC_ClockConfig                    0x08001d90   Section        0  stm32f4xx_hal_rcc.o(i.HAL_RCC_ClockConfig)
    i.HAL_RCC_GetPCLK1Freq                   0x08001ec4   Section        0  stm32f4xx_hal_rcc.o(i.HAL_RCC_GetPCLK1Freq)
    i.HAL_RCC_GetPCLK2Freq                   0x08001ee4   Section        0  stm32f4xx_hal_rcc.o(i.HAL_RCC_GetPCLK2Freq)
    i.HAL_RCC_GetSysClockFreq                0x08001f04   Section        0  stm32f4xx_hal_rcc.o(i.HAL_RCC_GetSysClockFreq)
    i.HAL_RCC_OscConfig                      0x08001f68   Section        0  stm32f4xx_hal_rcc.o(i.HAL_RCC_OscConfig)
    i.HAL_SYSTICK_Config                     0x080022d4   Section        0  stm32f4xx_hal_cortex.o(i.HAL_SYSTICK_Config)
    i.HAL_TIMEx_BreakCallback                0x080022fc   Section        0  stm32f4xx_hal_tim_ex.o(i.HAL_TIMEx_BreakCallback)
    i.HAL_TIMEx_CommutCallback               0x080022fe   Section        0  stm32f4xx_hal_tim_ex.o(i.HAL_TIMEx_CommutCallback)
    i.HAL_TIMEx_MasterConfigSynchronization  0x08002300   Section        0  stm32f4xx_hal_tim_ex.o(i.HAL_TIMEx_MasterConfigSynchronization)
    i.HAL_TIM_Base_Init                      0x0800237c   Section        0  stm32f4xx_hal_tim.o(i.HAL_TIM_Base_Init)
    i.HAL_TIM_Base_MspInit                   0x080023d8   Section        0  stm32f4xx_hal_msp.o(i.HAL_TIM_Base_MspInit)
    i.HAL_TIM_Base_Start                     0x08002430   Section        0  stm32f4xx_hal_tim.o(i.HAL_TIM_Base_Start)
    i.HAL_TIM_Base_Start_IT                  0x08002494   Section        0  stm32f4xx_hal_tim.o(i.HAL_TIM_Base_Start_IT)
    i.HAL_TIM_ConfigClockSource              0x08002500   Section        0  stm32f4xx_hal_tim.o(i.HAL_TIM_ConfigClockSource)
    i.HAL_TIM_Encoder_Init                   0x080025dc   Section        0  stm32f4xx_hal_tim.o(i.HAL_TIM_Encoder_Init)
    i.HAL_TIM_Encoder_MspInit                0x08002680   Section        0  stm32f4xx_hal_msp.o(i.HAL_TIM_Encoder_MspInit)
    i.HAL_TIM_Encoder_Start                  0x080027a0   Section        0  stm32f4xx_hal_tim.o(i.HAL_TIM_Encoder_Start)
    i.HAL_TIM_IC_CaptureCallback             0x0800282e   Section        0  stm32f4xx_hal_tim.o(i.HAL_TIM_IC_CaptureCallback)
    i.HAL_TIM_IRQHandler                     0x08002830   Section        0  stm32f4xx_hal_tim.o(i.HAL_TIM_IRQHandler)
    i.HAL_TIM_MspPostInit                    0x08002960   Section        0  stm32f4xx_hal_msp.o(i.HAL_TIM_MspPostInit)
    i.HAL_TIM_OC_DelayElapsedCallback        0x080029dc   Section        0  stm32f4xx_hal_tim.o(i.HAL_TIM_OC_DelayElapsedCallback)
    i.HAL_TIM_PWM_ConfigChannel              0x080029de   Section        0  stm32f4xx_hal_tim.o(i.HAL_TIM_PWM_ConfigChannel)
    i.HAL_TIM_PWM_Init                       0x08002aaa   Section        0  stm32f4xx_hal_tim.o(i.HAL_TIM_PWM_Init)
    i.HAL_TIM_PWM_MspInit                    0x08002b04   Section        0  stm32f4xx_hal_msp.o(i.HAL_TIM_PWM_MspInit)
    i.HAL_TIM_PWM_PulseFinishedCallback      0x08002b2c   Section        0  stm32f4xx_hal_tim.o(i.HAL_TIM_PWM_PulseFinishedCallback)
    i.HAL_TIM_PWM_Start                      0x08002b30   Section        0  stm32f4xx_hal_tim.o(i.HAL_TIM_PWM_Start)
    i.HAL_TIM_PeriodElapsedCallback          0x08002be0   Section        0  main.o(i.HAL_TIM_PeriodElapsedCallback)
    i.HAL_TIM_TriggerCallback                0x08002bfc   Section        0  stm32f4xx_hal_tim.o(i.HAL_TIM_TriggerCallback)
    i.HAL_UARTEx_RxEventCallback             0x08002bfe   Section        0  stm32f4xx_hal_uart.o(i.HAL_UARTEx_RxEventCallback)
    i.HAL_UART_ErrorCallback                 0x08002c00   Section        0  stm32f4xx_hal_uart.o(i.HAL_UART_ErrorCallback)
    i.HAL_UART_IRQHandler                    0x08002c04   Section        0  stm32f4xx_hal_uart.o(i.HAL_UART_IRQHandler)
    i.HAL_UART_Init                          0x08002e84   Section        0  stm32f4xx_hal_uart.o(i.HAL_UART_Init)
    i.HAL_UART_MspInit                       0x08002ee8   Section        0  stm32f4xx_hal_msp.o(i.HAL_UART_MspInit)
    i.HAL_UART_Receive_IT                    0x08002f60   Section        0  stm32f4xx_hal_uart.o(i.HAL_UART_Receive_IT)
    i.HAL_UART_RxCpltCallback                0x08002f7c   Section        0  main.o(i.HAL_UART_RxCpltCallback)
    i.HAL_UART_Transmit                      0x08002fac   Section        0  stm32f4xx_hal_uart.o(i.HAL_UART_Transmit)
    i.HAL_UART_TxCpltCallback                0x0800304c   Section        0  stm32f4xx_hal_uart.o(i.HAL_UART_TxCpltCallback)
    i.HardFault_Handler                      0x0800304e   Section        0  stm32f4xx_it.o(i.HardFault_Handler)
    i.MX_GPIO_Init                           0x08003050   Section        0  main.o(i.MX_GPIO_Init)
    MX_GPIO_Init                             0x08003051   Thumb Code   218  main.o(i.MX_GPIO_Init)
    i.MX_TIM1_Init                           0x0800313c   Section        0  main.o(i.MX_TIM1_Init)
    MX_TIM1_Init                             0x0800313d   Thumb Code   100  main.o(i.MX_TIM1_Init)
    i.MX_TIM2_Init                           0x080031a8   Section        0  main.o(i.MX_TIM2_Init)
    MX_TIM2_Init                             0x080031a9   Thumb Code   100  main.o(i.MX_TIM2_Init)
    i.MX_TIM3_Init                           0x08003210   Section        0  main.o(i.MX_TIM3_Init)
    MX_TIM3_Init                             0x08003211   Thumb Code    98  main.o(i.MX_TIM3_Init)
    i.MX_TIM4_Init                           0x0800327c   Section        0  main.o(i.MX_TIM4_Init)
    MX_TIM4_Init                             0x0800327d   Thumb Code   134  main.o(i.MX_TIM4_Init)
    i.MX_TIM5_Init                           0x0800330c   Section        0  main.o(i.MX_TIM5_Init)
    MX_TIM5_Init                             0x0800330d   Thumb Code    92  main.o(i.MX_TIM5_Init)
    i.MX_TIM9_Init                           0x08003370   Section        0  main.o(i.MX_TIM9_Init)
    MX_TIM9_Init                             0x08003371   Thumb Code    70  main.o(i.MX_TIM9_Init)
    i.MemManage_Handler                      0x080033c0   Section        0  stm32f4xx_it.o(i.MemManage_Handler)
    i.Motor_Setup                            0x080033c2   Section        0  motor.o(i.Motor_Setup)
    i.NMI_Handler                            0x080033cc   Section        0  stm32f4xx_it.o(i.NMI_Handler)
    i.PID_Calculate                          0x080033d0   Section        0  pid.o(i.PID_Calculate)
    i.PID_Init                               0x0800347c   Section        0  pid.o(i.PID_Init)
    i.PID_Reset                              0x08003484   Section        0  pid.o(i.PID_Reset)
    i.PendSV_Handler                         0x080034a8   Section        0  stm32f4xx_it.o(i.PendSV_Handler)
    i.SVC_Handler                            0x080034aa   Section        0  stm32f4xx_it.o(i.SVC_Handler)
    i.SysTick_Handler                        0x080034ac   Section        0  stm32f4xx_it.o(i.SysTick_Handler)
    i.SystemClock_Config                     0x080034b0   Section        0  main.o(i.SystemClock_Config)
    i.SystemInit                             0x08003540   Section        0  system_stm32f4xx.o(i.SystemInit)
    i.TIM1_BRK_TIM9_IRQHandler               0x08003550   Section        0  stm32f4xx_it.o(i.TIM1_BRK_TIM9_IRQHandler)
    i.TIM_Base_SetConfig                     0x0800356c   Section        0  stm32f4xx_hal_tim.o(i.TIM_Base_SetConfig)
    i.TIM_CCxChannelCmd                      0x0800360c   Section        0  stm32f4xx_hal_tim.o(i.TIM_CCxChannelCmd)
    i.TIM_ETR_SetConfig                      0x08003626   Section        0  stm32f4xx_hal_tim.o(i.TIM_ETR_SetConfig)
    i.TIM_ITRx_SetConfig                     0x0800363a   Section        0  stm32f4xx_hal_tim.o(i.TIM_ITRx_SetConfig)
    TIM_ITRx_SetConfig                       0x0800363b   Thumb Code    16  stm32f4xx_hal_tim.o(i.TIM_ITRx_SetConfig)
    i.TIM_OC1_SetConfig                      0x0800364c   Section        0  stm32f4xx_hal_tim.o(i.TIM_OC1_SetConfig)
    TIM_OC1_SetConfig                        0x0800364d   Thumb Code    74  stm32f4xx_hal_tim.o(i.TIM_OC1_SetConfig)
    i.TIM_OC2_SetConfig                      0x0800369c   Section        0  stm32f4xx_hal_tim.o(i.TIM_OC2_SetConfig)
    i.TIM_OC3_SetConfig                      0x080036f4   Section        0  stm32f4xx_hal_tim.o(i.TIM_OC3_SetConfig)
    TIM_OC3_SetConfig                        0x080036f5   Thumb Code    82  stm32f4xx_hal_tim.o(i.TIM_OC3_SetConfig)
    i.TIM_OC4_SetConfig                      0x0800374c   Section        0  stm32f4xx_hal_tim.o(i.TIM_OC4_SetConfig)
    TIM_OC4_SetConfig                        0x0800374d   Thumb Code    64  stm32f4xx_hal_tim.o(i.TIM_OC4_SetConfig)
    i.TIM_TI1_ConfigInputStage               0x08003790   Section        0  stm32f4xx_hal_tim.o(i.TIM_TI1_ConfigInputStage)
    TIM_TI1_ConfigInputStage                 0x08003791   Thumb Code    34  stm32f4xx_hal_tim.o(i.TIM_TI1_ConfigInputStage)
    i.TIM_TI2_ConfigInputStage               0x080037b2   Section        0  stm32f4xx_hal_tim.o(i.TIM_TI2_ConfigInputStage)
    TIM_TI2_ConfigInputStage                 0x080037b3   Thumb Code    36  stm32f4xx_hal_tim.o(i.TIM_TI2_ConfigInputStage)
    i.UART_DMAAbortOnError                   0x080037d6   Section        0  stm32f4xx_hal_uart.o(i.UART_DMAAbortOnError)
    UART_DMAAbortOnError                     0x080037d7   Thumb Code    14  stm32f4xx_hal_uart.o(i.UART_DMAAbortOnError)
    i.UART_EndRxTransfer                     0x080037e4   Section        0  stm32f4xx_hal_uart.o(i.UART_EndRxTransfer)
    UART_EndRxTransfer                       0x080037e5   Thumb Code    78  stm32f4xx_hal_uart.o(i.UART_EndRxTransfer)
    i.UART_Receive_IT                        0x08003832   Section        0  stm32f4xx_hal_uart.o(i.UART_Receive_IT)
    UART_Receive_IT                          0x08003833   Thumb Code   194  stm32f4xx_hal_uart.o(i.UART_Receive_IT)
    i.UART_SetConfig                         0x080038f4   Section        0  stm32f4xx_hal_uart.o(i.UART_SetConfig)
    UART_SetConfig                           0x080038f5   Thumb Code   258  stm32f4xx_hal_uart.o(i.UART_SetConfig)
    i.UART_Start_Receive_IT                  0x08003a00   Section        0  stm32f4xx_hal_uart.o(i.UART_Start_Receive_IT)
    i.UART_WaitOnFlagUntilTimeout            0x08003a36   Section        0  stm32f4xx_hal_uart.o(i.UART_WaitOnFlagUntilTimeout)
    UART_WaitOnFlagUntilTimeout              0x08003a37   Thumb Code   114  stm32f4xx_hal_uart.o(i.UART_WaitOnFlagUntilTimeout)
    i.USART2_IRQHandler                      0x08003aa8   Section        0  stm32f4xx_it.o(i.USART2_IRQHandler)
    i.UsageFault_Handler                     0x08003ab4   Section        0  stm32f4xx_it.o(i.UsageFault_Handler)
    i.__ARM_fpclassify                       0x08003ab6   Section        0  fpclassify.o(i.__ARM_fpclassify)
    i.__NVIC_SetPriority                     0x08003ae6   Section        0  stm32f4xx_hal_cortex.o(i.__NVIC_SetPriority)
    __NVIC_SetPriority                       0x08003ae7   Thumb Code    32  stm32f4xx_hal_cortex.o(i.__NVIC_SetPriority)
    i.__hardfp_sqrt                          0x08003b06   Section        0  sqrt.o(i.__hardfp_sqrt)
    i._is_digit                              0x08003b80   Section        0  __printf_wp.o(i._is_digit)
    i.car_control                            0x08003b90   Section        0  car.o(i.car_control)
    i.car_init                               0x08003c68   Section        0  car.o(i.car_init)
    i.control_motor                          0x08003c80   Section        0  motor.o(i.control_motor)
    i.filter                                 0x08003cf0   Section        0  main.o(i.filter)
    i.get_info_cmd                           0x08003d28   Section        0  response.o(i.get_info_cmd)
    i.get_speed                              0x08003d64   Section        0  response.o(i.get_speed)
    i.main                                   0x08003dc0   Section        0  main.o(i.main)
    i.motor_init                             0x08003f7c   Section        0  motor.o(i.motor_init)
    i.pwm_set_duty                           0x08003fac   Section        0  motor.o(i.pwm_set_duty)
    i.response_uart                          0x08003ff0   Section        0  response.o(i.response_uart)
    i.soft_start                             0x08004044   Section        0  pid.o(i.soft_start)
    i.uart_handle                            0x080040c4   Section        0  uart.o(i.uart_handle)
    i.uart_receive_data                      0x080041bc   Section        0  uart.o(i.uart_receive_data)
    locale$$code                             0x080041e8   Section       44  lc_numeric_c.o(locale$$code)
    x$fpl$d2f                                0x08004214   Section       98  d2f.o(x$fpl$d2f)
    $v0                                      0x08004214   Number         0  d2f.o(x$fpl$d2f)
    x$fpl$dadd                               0x08004278   Section      336  daddsub_clz.o(x$fpl$dadd)
    $v0                                      0x08004278   Number         0  daddsub_clz.o(x$fpl$dadd)
    _dadd1                                   0x08004289   Thumb Code     0  daddsub_clz.o(x$fpl$dadd)
    x$fpl$ddiv                               0x080043c8   Section      688  ddiv.o(x$fpl$ddiv)
    $v0                                      0x080043c8   Number         0  ddiv.o(x$fpl$ddiv)
    ddiv_entry                               0x080043cf   Thumb Code     0  ddiv.o(x$fpl$ddiv)
    x$fpl$dmul                               0x08004678   Section      340  dmul.o(x$fpl$dmul)
    $v0                                      0x08004678   Number         0  dmul.o(x$fpl$dmul)
    x$fpl$dnaninf                            0x080047cc   Section      156  dnaninf.o(x$fpl$dnaninf)
    $v0                                      0x080047cc   Number         0  dnaninf.o(x$fpl$dnaninf)
    x$fpl$dretinf                            0x08004868   Section       12  dretinf.o(x$fpl$dretinf)
    $v0                                      0x08004868   Number         0  dretinf.o(x$fpl$dretinf)
    x$fpl$dsqrt                              0x08004874   Section      408  dsqrt_umaal.o(x$fpl$dsqrt)
    $v0                                      0x08004874   Number         0  dsqrt_umaal.o(x$fpl$dsqrt)
    x$fpl$dsub                               0x08004a0c   Section      468  daddsub_clz.o(x$fpl$dsub)
    $v0                                      0x08004a0c   Number         0  daddsub_clz.o(x$fpl$dsub)
    _dsub1                                   0x08004a1d   Thumb Code     0  daddsub_clz.o(x$fpl$dsub)
    x$fpl$f2d                                0x08004be0   Section       86  f2d.o(x$fpl$f2d)
    $v0                                      0x08004be0   Number         0  f2d.o(x$fpl$f2d)
    x$fpl$ffltll                             0x08004c36   Section       96  ffltll_clz.o(x$fpl$ffltll)
    $v0                                      0x08004c36   Number         0  ffltll_clz.o(x$fpl$ffltll)
    x$fpl$fnaninf                            0x08004c96   Section      140  fnaninf.o(x$fpl$fnaninf)
    $v0                                      0x08004c96   Number         0  fnaninf.o(x$fpl$fnaninf)
    x$fpl$fpinit                             0x08004d22   Section       10  fpinit.o(x$fpl$fpinit)
    $v0                                      0x08004d22   Number         0  fpinit.o(x$fpl$fpinit)
    x$fpl$fretinf                            0x08004d2c   Section       10  fretinf.o(x$fpl$fretinf)
    $v0                                      0x08004d2c   Number         0  fretinf.o(x$fpl$fretinf)
    x$fpl$printf1                            0x08004d36   Section        4  printf1.o(x$fpl$printf1)
    $v0                                      0x08004d36   Number         0  printf1.o(x$fpl$printf1)
    .constdata                               0x08004d3a   Section       16  system_stm32f4xx.o(.constdata)
    x$fpl$usenofp                            0x08004d3a   Section        0  usenofp.o(x$fpl$usenofp)
    .constdata                               0x08004d4a   Section        8  system_stm32f4xx.o(.constdata)
    .constdata                               0x08004d54   Section      148  bigflt0.o(.constdata)
    tenpwrs_x                                0x08004d54   Data          60  bigflt0.o(.constdata)
    tenpwrs_i                                0x08004d90   Data          64  bigflt0.o(.constdata)
    locale$$data                             0x08004e08   Section       28  lc_numeric_c.o(locale$$data)
    __lcnum_c_name                           0x08004e0c   Data           2  lc_numeric_c.o(locale$$data)
    __lcnum_c_start                          0x08004e14   Data           0  lc_numeric_c.o(locale$$data)
    __lcnum_c_point                          0x08004e20   Data           0  lc_numeric_c.o(locale$$data)
    __lcnum_c_thousands                      0x08004e22   Data           0  lc_numeric_c.o(locale$$data)
    __lcnum_c_grouping                       0x08004e23   Data           0  lc_numeric_c.o(locale$$data)
    __lcnum_c_end                            0x08004e24   Data           0  lc_numeric_c.o(locale$$data)
    .data                                    0x20000000   Section      120  main.o(.data)
    .data                                    0x20000078   Section       12  stm32f4xx_hal.o(.data)
    .data                                    0x20000084   Section        4  system_stm32f4xx.o(.data)
    .data                                    0x20000088   Section        8  uart.o(.data)
    .data                                    0x20000090   Section        8  response.o(.data)
    message                                  0x20000094   Data           4  response.o(.data)
    .data                                    0x20000098   Section        4  strtok.o(.data)
    _strtok_saves1                           0x20000098   Data           4  strtok.o(.data)
    .bss                                     0x2000009c   Section      762  main.o(.bss)
    .bss                                     0x20000396   Section       40  main.o(.bss)
    .bss                                     0x200003c0   Section       96  libspace.o(.bss)
    HEAP                                     0x20000420   Section      512  startup_stm32f411xe.o(HEAP)
    Heap_Mem                                 0x20000420   Data         512  startup_stm32f411xe.o(HEAP)
    STACK                                    0x20000620   Section     1024  startup_stm32f411xe.o(STACK)
    Stack_Mem                                0x20000620   Data        1024  startup_stm32f411xe.o(STACK)
    __initial_sp                             0x20000a20   Data           0  startup_stm32f411xe.o(STACK)

    Global Symbols

    Symbol Name                              Value     Ov Type        Size  Object(Section)

    BuildAttributes$$THM_ISAv4$E$P$D$K$B$S$7EM$VFPi3$EXTD16$VFPS$VFMA$PE$A:L22UL41UL21$X:L11$S22US41US21$IEEE1$IW$USESV6$~STKCKD$USESV7$~SHL$OTIME$ROPI$IEEEJ$EBA8$UX$STANDARDLIB$REQ8$PRES8$EABIv2 0x00000000   Number         0  anon$$obj.o ABSOLUTE
    __ARM_use_no_argv                        0x00000000   Number         0  main.o ABSOLUTE
    _printf_flags                            0x00000000   Number         0  printf_stubs.o ABSOLUTE
    _printf_return_value                     0x00000000   Number         0  printf_stubs.o ABSOLUTE
    _printf_sizespec                         0x00000000   Number         0  printf_stubs.o ABSOLUTE
    _printf_widthprec                        0x00000000   Number         0  printf_stubs.o ABSOLUTE
    __ARM_exceptions_init                     - Undefined Weak Reference
    __alloca_initialize                       - Undefined Weak Reference
    __arm_preinit_                            - Undefined Weak Reference
    __cpp_initialize__aeabi_                  - Undefined Weak Reference
    __cxa_finalize                            - Undefined Weak Reference
    __sigvec_lookup                           - Undefined Weak Reference
    _atexit_init                              - Undefined Weak Reference
    _call_atexit_fns                          - Undefined Weak Reference
    _clock_init                               - Undefined Weak Reference
    _fp_trap_init                             - Undefined Weak Reference
    _fp_trap_shutdown                         - Undefined Weak Reference
    _get_lc_collate                           - Undefined Weak Reference
    _get_lc_ctype                             - Undefined Weak Reference
    _get_lc_monetary                          - Undefined Weak Reference
    _get_lc_time                              - Undefined Weak Reference
    _getenv_init                              - Undefined Weak Reference
    _handle_redirection                       - Undefined Weak Reference
    _init_alloc                               - Undefined Weak Reference
    _init_user_alloc                          - Undefined Weak Reference
    _initio                                   - Undefined Weak Reference
    _printf_post_padding                      - Undefined Weak Reference
    _printf_pre_padding                       - Undefined Weak Reference
    _rand_init                                - Undefined Weak Reference
    _signal_finish                            - Undefined Weak Reference
    _signal_init                              - Undefined Weak Reference
    _terminate_alloc                          - Undefined Weak Reference
    _terminate_user_alloc                     - Undefined Weak Reference
    _terminateio                              - Undefined Weak Reference
    __Vectors_Size                           0x00000198   Number         0  startup_stm32f411xe.o ABSOLUTE
    __Vectors                                0x08000000   Data           4  startup_stm32f411xe.o(RESET)
    __Vectors_End                            0x08000198   Data           0  startup_stm32f411xe.o(RESET)
    __main                                   0x08000199   Thumb Code     8  __main.o(!!!main)
    __scatterload                            0x080001a1   Thumb Code     0  __scatter.o(!!!scatter)
    __scatterload_rt2                        0x080001a1   Thumb Code    44  __scatter.o(!!!scatter)
    __scatterload_rt2_thumb_only             0x080001a1   Thumb Code     0  __scatter.o(!!!scatter)
    __scatterload_null                       0x080001af   Thumb Code     0  __scatter.o(!!!scatter)
    __scatterload_copy                       0x080001d5   Thumb Code    26  __scatter_copy.o(!!handler_copy)
    __scatterload_zeroinit                   0x080001f1   Thumb Code    28  __scatter_zi.o(!!handler_zi)
    _printf_f                                0x0800020d   Thumb Code     0  _printf_f.o(.ARM.Collect$$_printf_percent$$00000003)
    _printf_percent                          0x0800020d   Thumb Code     0  _printf_percent.o(.ARM.Collect$$_printf_percent$$00000000)
    _printf_percent_end                      0x08000213   Thumb Code     0  _printf_percent_end.o(.ARM.Collect$$_printf_percent$$00000017)
    __rt_lib_init                            0x08000217   Thumb Code     0  libinit.o(.ARM.Collect$$libinit$$00000000)
    __rt_lib_init_fp_1                       0x08000219   Thumb Code     0  libinit2.o(.ARM.Collect$$libinit$$00000001)
    __rt_lib_init_heap_1                     0x0800021d   Thumb Code     0  libinit2.o(.ARM.Collect$$libinit$$0000000A)
    __rt_lib_init_lc_common                  0x0800021d   Thumb Code     0  libinit2.o(.ARM.Collect$$libinit$$0000000F)
    __rt_lib_init_preinit_1                  0x0800021d   Thumb Code     0  libinit2.o(.ARM.Collect$$libinit$$00000004)
    __rt_lib_init_rand_1                     0x0800021d   Thumb Code     0  libinit2.o(.ARM.Collect$$libinit$$0000000E)
    __rt_lib_init_user_alloc_1               0x0800021d   Thumb Code     0  libinit2.o(.ARM.Collect$$libinit$$0000000C)
    __rt_lib_init_lc_collate_1               0x08000223   Thumb Code     0  libinit2.o(.ARM.Collect$$libinit$$00000011)
    __rt_lib_init_lc_ctype_1                 0x08000223   Thumb Code     0  libinit2.o(.ARM.Collect$$libinit$$00000013)
    __rt_lib_init_lc_monetary_1              0x08000223   Thumb Code     0  libinit2.o(.ARM.Collect$$libinit$$00000015)
    __rt_lib_init_lc_numeric_2               0x08000223   Thumb Code     0  libinit2.o(.ARM.Collect$$libinit$$00000016)
    __rt_lib_init_alloca_1                   0x0800022d   Thumb Code     0  libinit2.o(.ARM.Collect$$libinit$$0000002E)
    __rt_lib_init_argv_1                     0x0800022d   Thumb Code     0  libinit2.o(.ARM.Collect$$libinit$$0000002C)
    __rt_lib_init_atexit_1                   0x0800022d   Thumb Code     0  libinit2.o(.ARM.Collect$$libinit$$0000001B)
    __rt_lib_init_clock_1                    0x0800022d   Thumb Code     0  libinit2.o(.ARM.Collect$$libinit$$00000021)
    __rt_lib_init_cpp_1                      0x0800022d   Thumb Code     0  libinit2.o(.ARM.Collect$$libinit$$00000032)
    __rt_lib_init_exceptions_1               0x0800022d   Thumb Code     0  libinit2.o(.ARM.Collect$$libinit$$00000030)
    __rt_lib_init_fp_trap_1                  0x0800022d   Thumb Code     0  libinit2.o(.ARM.Collect$$libinit$$0000001F)
    __rt_lib_init_getenv_1                   0x0800022d   Thumb Code     0  libinit2.o(.ARM.Collect$$libinit$$00000023)
    __rt_lib_init_lc_numeric_1               0x0800022d   Thumb Code     0  libinit2.o(.ARM.Collect$$libinit$$00000017)
    __rt_lib_init_lc_time_1                  0x0800022d   Thumb Code     0  libinit2.o(.ARM.Collect$$libinit$$00000019)
    __rt_lib_init_return                     0x0800022d   Thumb Code     0  libinit2.o(.ARM.Collect$$libinit$$00000033)
    __rt_lib_init_signal_1                   0x0800022d   Thumb Code     0  libinit2.o(.ARM.Collect$$libinit$$0000001D)
    __rt_lib_init_stdio_1                    0x0800022d   Thumb Code     0  libinit2.o(.ARM.Collect$$libinit$$00000025)
    __rt_lib_shutdown                        0x0800022f   Thumb Code     0  libshutdown.o(.ARM.Collect$$libshutdown$$00000000)
    __rt_lib_shutdown_cpp_1                  0x08000231   Thumb Code     0  libshutdown2.o(.ARM.Collect$$libshutdown$$00000002)
    __rt_lib_shutdown_fp_trap_1              0x08000231   Thumb Code     0  libshutdown2.o(.ARM.Collect$$libshutdown$$00000007)
    __rt_lib_shutdown_heap_1                 0x08000231   Thumb Code     0  libshutdown2.o(.ARM.Collect$$libshutdown$$0000000F)
    __rt_lib_shutdown_return                 0x08000231   Thumb Code     0  libshutdown2.o(.ARM.Collect$$libshutdown$$00000010)
    __rt_lib_shutdown_signal_1               0x08000231   Thumb Code     0  libshutdown2.o(.ARM.Collect$$libshutdown$$0000000A)
    __rt_lib_shutdown_stdio_1                0x08000231   Thumb Code     0  libshutdown2.o(.ARM.Collect$$libshutdown$$00000004)
    __rt_lib_shutdown_user_alloc_1           0x08000231   Thumb Code     0  libshutdown2.o(.ARM.Collect$$libshutdown$$0000000C)
    __rt_entry                               0x08000233   Thumb Code     0  __rtentry.o(.ARM.Collect$$rtentry$$00000000)
    __rt_entry_presh_1                       0x08000233   Thumb Code     0  __rtentry2.o(.ARM.Collect$$rtentry$$00000002)
    __rt_entry_sh                            0x08000233   Thumb Code     0  __rtentry4.o(.ARM.Collect$$rtentry$$00000004)
    __rt_entry_li                            0x08000239   Thumb Code     0  __rtentry2.o(.ARM.Collect$$rtentry$$0000000A)
    __rt_entry_postsh_1                      0x08000239   Thumb Code     0  __rtentry2.o(.ARM.Collect$$rtentry$$00000009)
    __rt_entry_main                          0x0800023d   Thumb Code     0  __rtentry2.o(.ARM.Collect$$rtentry$$0000000D)
    __rt_entry_postli_1                      0x0800023d   Thumb Code     0  __rtentry2.o(.ARM.Collect$$rtentry$$0000000C)
    __rt_exit                                0x08000245   Thumb Code     0  rtexit.o(.ARM.Collect$$rtexit$$00000000)
    __rt_exit_ls                             0x08000247   Thumb Code     0  rtexit2.o(.ARM.Collect$$rtexit$$00000003)
    __rt_exit_prels_1                        0x08000247   Thumb Code     0  rtexit2.o(.ARM.Collect$$rtexit$$00000002)
    __rt_exit_exit                           0x0800024b   Thumb Code     0  rtexit2.o(.ARM.Collect$$rtexit$$00000004)
    Reset_Handler                            0x08000251   Thumb Code     8  startup_stm32f411xe.o(.text)
    ADC_IRQHandler                           0x0800026b   Thumb Code     0  startup_stm32f411xe.o(.text)
    DMA1_Stream0_IRQHandler                  0x0800026b   Thumb Code     0  startup_stm32f411xe.o(.text)
    DMA1_Stream1_IRQHandler                  0x0800026b   Thumb Code     0  startup_stm32f411xe.o(.text)
    DMA1_Stream2_IRQHandler                  0x0800026b   Thumb Code     0  startup_stm32f411xe.o(.text)
    DMA1_Stream3_IRQHandler                  0x0800026b   Thumb Code     0  startup_stm32f411xe.o(.text)
    DMA1_Stream4_IRQHandler                  0x0800026b   Thumb Code     0  startup_stm32f411xe.o(.text)
    DMA1_Stream5_IRQHandler                  0x0800026b   Thumb Code     0  startup_stm32f411xe.o(.text)
    DMA1_Stream6_IRQHandler                  0x0800026b   Thumb Code     0  startup_stm32f411xe.o(.text)
    DMA1_Stream7_IRQHandler                  0x0800026b   Thumb Code     0  startup_stm32f411xe.o(.text)
    DMA2_Stream0_IRQHandler                  0x0800026b   Thumb Code     0  startup_stm32f411xe.o(.text)
    DMA2_Stream1_IRQHandler                  0x0800026b   Thumb Code     0  startup_stm32f411xe.o(.text)
    DMA2_Stream2_IRQHandler                  0x0800026b   Thumb Code     0  startup_stm32f411xe.o(.text)
    DMA2_Stream3_IRQHandler                  0x0800026b   Thumb Code     0  startup_stm32f411xe.o(.text)
    DMA2_Stream4_IRQHandler                  0x0800026b   Thumb Code     0  startup_stm32f411xe.o(.text)
    DMA2_Stream5_IRQHandler                  0x0800026b   Thumb Code     0  startup_stm32f411xe.o(.text)
    DMA2_Stream6_IRQHandler                  0x0800026b   Thumb Code     0  startup_stm32f411xe.o(.text)
    DMA2_Stream7_IRQHandler                  0x0800026b   Thumb Code     0  startup_stm32f411xe.o(.text)
    EXTI0_IRQHandler                         0x0800026b   Thumb Code     0  startup_stm32f411xe.o(.text)
    EXTI15_10_IRQHandler                     0x0800026b   Thumb Code     0  startup_stm32f411xe.o(.text)
    EXTI1_IRQHandler                         0x0800026b   Thumb Code     0  startup_stm32f411xe.o(.text)
    EXTI2_IRQHandler                         0x0800026b   Thumb Code     0  startup_stm32f411xe.o(.text)
    EXTI3_IRQHandler                         0x0800026b   Thumb Code     0  startup_stm32f411xe.o(.text)
    EXTI4_IRQHandler                         0x0800026b   Thumb Code     0  startup_stm32f411xe.o(.text)
    EXTI9_5_IRQHandler                       0x0800026b   Thumb Code     0  startup_stm32f411xe.o(.text)
    FLASH_IRQHandler                         0x0800026b   Thumb Code     0  startup_stm32f411xe.o(.text)
    FPU_IRQHandler                           0x0800026b   Thumb Code     0  startup_stm32f411xe.o(.text)
    I2C1_ER_IRQHandler                       0x0800026b   Thumb Code     0  startup_stm32f411xe.o(.text)
    I2C1_EV_IRQHandler                       0x0800026b   Thumb Code     0  startup_stm32f411xe.o(.text)
    I2C2_ER_IRQHandler                       0x0800026b   Thumb Code     0  startup_stm32f411xe.o(.text)
    I2C2_EV_IRQHandler                       0x0800026b   Thumb Code     0  startup_stm32f411xe.o(.text)
    I2C3_ER_IRQHandler                       0x0800026b   Thumb Code     0  startup_stm32f411xe.o(.text)
    I2C3_EV_IRQHandler                       0x0800026b   Thumb Code     0  startup_stm32f411xe.o(.text)
    OTG_FS_IRQHandler                        0x0800026b   Thumb Code     0  startup_stm32f411xe.o(.text)
    OTG_FS_WKUP_IRQHandler                   0x0800026b   Thumb Code     0  startup_stm32f411xe.o(.text)
    PVD_IRQHandler                           0x0800026b   Thumb Code     0  startup_stm32f411xe.o(.text)
    RCC_IRQHandler                           0x0800026b   Thumb Code     0  startup_stm32f411xe.o(.text)
    RTC_Alarm_IRQHandler                     0x0800026b   Thumb Code     0  startup_stm32f411xe.o(.text)
    RTC_WKUP_IRQHandler                      0x0800026b   Thumb Code     0  startup_stm32f411xe.o(.text)
    SDIO_IRQHandler                          0x0800026b   Thumb Code     0  startup_stm32f411xe.o(.text)
    SPI1_IRQHandler                          0x0800026b   Thumb Code     0  startup_stm32f411xe.o(.text)
    SPI2_IRQHandler                          0x0800026b   Thumb Code     0  startup_stm32f411xe.o(.text)
    SPI3_IRQHandler                          0x0800026b   Thumb Code     0  startup_stm32f411xe.o(.text)
    SPI4_IRQHandler                          0x0800026b   Thumb Code     0  startup_stm32f411xe.o(.text)
    SPI5_IRQHandler                          0x0800026b   Thumb Code     0  startup_stm32f411xe.o(.text)
    TAMP_STAMP_IRQHandler                    0x0800026b   Thumb Code     0  startup_stm32f411xe.o(.text)
    TIM1_CC_IRQHandler                       0x0800026b   Thumb Code     0  startup_stm32f411xe.o(.text)
    TIM1_TRG_COM_TIM11_IRQHandler            0x0800026b   Thumb Code     0  startup_stm32f411xe.o(.text)
    TIM1_UP_TIM10_IRQHandler                 0x0800026b   Thumb Code     0  startup_stm32f411xe.o(.text)
    TIM2_IRQHandler                          0x0800026b   Thumb Code     0  startup_stm32f411xe.o(.text)
    TIM3_IRQHandler                          0x0800026b   Thumb Code     0  startup_stm32f411xe.o(.text)
    TIM4_IRQHandler                          0x0800026b   Thumb Code     0  startup_stm32f411xe.o(.text)
    TIM5_IRQHandler                          0x0800026b   Thumb Code     0  startup_stm32f411xe.o(.text)
    USART1_IRQHandler                        0x0800026b   Thumb Code     0  startup_stm32f411xe.o(.text)
    USART6_IRQHandler                        0x0800026b   Thumb Code     0  startup_stm32f411xe.o(.text)
    WWDG_IRQHandler                          0x0800026b   Thumb Code     0  startup_stm32f411xe.o(.text)
    __user_initial_stackheap                 0x0800026d   Thumb Code     0  startup_stm32f411xe.o(.text)
    __aeabi_uldivmod                         0x08000291   Thumb Code     0  lludivv7m.o(.text)
    _ll_udiv                                 0x08000291   Thumb Code   238  lludivv7m.o(.text)
    __2sprintf                               0x08000381   Thumb Code    34  noretval__2sprintf.o(.text)
    __printf                                 0x080003a9   Thumb Code   270  __printf_wp.o(.text)
    strtok                                   0x080004b9   Thumb Code     6  strtok.o(.text)
    strlen                                   0x080004c5   Thumb Code    62  strlen.o(.text)
    __aeabi_memclr4                          0x08000503   Thumb Code     0  rt_memclr_w.o(.text)
    __aeabi_memclr8                          0x08000503   Thumb Code     0  rt_memclr_w.o(.text)
    __rt_memclr_w                            0x08000503   Thumb Code    78  rt_memclr_w.o(.text)
    _memset_w                                0x08000507   Thumb Code     0  rt_memclr_w.o(.text)
    __use_two_region_memory                  0x08000551   Thumb Code     2  heapauxi.o(.text)
    __rt_heap_escrow$2region                 0x08000553   Thumb Code     2  heapauxi.o(.text)
    __rt_heap_expand$2region                 0x08000555   Thumb Code     2  heapauxi.o(.text)
    __read_errno                             0x08000557   Thumb Code    10  _rserrno.o(.text)
    __set_errno                              0x08000561   Thumb Code    12  _rserrno.o(.text)
    __lib_sel_fp_printf                      0x0800056d   Thumb Code     2  _printf_fp_dec.o(.text)
    _printf_fp_dec_real                      0x0800071f   Thumb Code   620  _printf_fp_dec.o(.text)
    _printf_char_common                      0x08000997   Thumb Code    32  _printf_char_common.o(.text)
    _sputc                                   0x080009bd   Thumb Code    10  _sputc.o(.text)
    __strtok_internal                        0x080009c9   Thumb Code    64  strtok_int.o(.text)
    __rt_locale                              0x08000a0d   Thumb Code     8  rt_locale_intlibspace.o(.text)
    __aeabi_errno_addr                       0x08000a15   Thumb Code     8  rt_errno_addr_intlibspace.o(.text)
    __errno$intlibspace                      0x08000a15   Thumb Code     0  rt_errno_addr_intlibspace.o(.text)
    __rt_errno_addr$intlibspace              0x08000a15   Thumb Code     0  rt_errno_addr_intlibspace.o(.text)
    _ll_udiv10                               0x08000a1d   Thumb Code   138  lludiv10.o(.text)
    _printf_fp_infnan                        0x08000aa9   Thumb Code   112  _printf_fp_infnan.o(.text)
    _btod_etento                             0x08000b29   Thumb Code   224  bigflt0.o(.text)
    strcspn                                  0x08000c0d   Thumb Code    32  strcspn.o(.text)
    strspn                                   0x08000c2d   Thumb Code    28  strspn.o(.text)
    __user_libspace                          0x08000c49   Thumb Code     8  libspace.o(.text)
    __user_perproc_libspace                  0x08000c49   Thumb Code     0  libspace.o(.text)
    __user_perthread_libspace                0x08000c49   Thumb Code     0  libspace.o(.text)
    __user_setup_stackheap                   0x08000c51   Thumb Code    74  sys_stackheap_outer.o(.text)
    exit                                     0x08000c9b   Thumb Code    18  exit.o(.text)
    strcmp                                   0x08000cad   Thumb Code   128  strcmpv7m.o(.text)
    _sys_exit                                0x08000d2d   Thumb Code     8  sys_exit.o(.text)
    __I$use$semihosting                      0x08000d39   Thumb Code     0  use_no_semi.o(.text)
    __use_no_semihosting_swi                 0x08000d39   Thumb Code     2  use_no_semi.o(.text)
    __semihosting_library_function           0x08000d3b   Thumb Code     0  indicate_semi.o(.text)
    _btod_d2e                                0x08000d3b   Thumb Code    62  btod.o(CL$$btod_d2e)
    _d2e_denorm_low                          0x08000d79   Thumb Code    70  btod.o(CL$$btod_d2e_denorm_low)
    _d2e_norm_op1                            0x08000dbf   Thumb Code    96  btod.o(CL$$btod_d2e_norm_op1)
    __btod_div_common                        0x08000e1f   Thumb Code   696  btod.o(CL$$btod_div_common)
    _e2e                                     0x08001157   Thumb Code   220  btod.o(CL$$btod_e2e)
    _btod_ediv                               0x08001233   Thumb Code    42  btod.o(CL$$btod_ediv)
    _btod_emul                               0x0800125d   Thumb Code    42  btod.o(CL$$btod_emul)
    __btod_mult_common                       0x08001287   Thumb Code   580  btod.o(CL$$btod_mult_common)
    BusFault_Handler                         0x080014cb   Thumb Code     2  stm32f4xx_it.o(i.BusFault_Handler)
    Calculate_Velocity                       0x080014cd   Thumb Code  1226  main.o(i.Calculate_Velocity)
    DebugMon_Handler                         0x080019ad   Thumb Code     2  stm32f4xx_it.o(i.DebugMon_Handler)
    HAL_DMA_Abort                            0x080019af   Thumb Code   146  stm32f4xx_hal_dma.o(i.HAL_DMA_Abort)
    HAL_DMA_Abort_IT                         0x08001a41   Thumb Code    36  stm32f4xx_hal_dma.o(i.HAL_DMA_Abort_IT)
    HAL_GPIO_Init                            0x08001a65   Thumb Code   446  stm32f4xx_hal_gpio.o(i.HAL_GPIO_Init)
    HAL_GPIO_WritePin                        0x08001c45   Thumb Code    10  stm32f4xx_hal_gpio.o(i.HAL_GPIO_WritePin)
    HAL_GetTick                              0x08001c51   Thumb Code     6  stm32f4xx_hal.o(i.HAL_GetTick)
    HAL_IncTick                              0x08001c5d   Thumb Code    12  stm32f4xx_hal.o(i.HAL_IncTick)
    HAL_Init                                 0x08001c6d   Thumb Code    48  stm32f4xx_hal.o(i.HAL_Init)
    HAL_InitTick                             0x08001ca1   Thumb Code    54  stm32f4xx_hal.o(i.HAL_InitTick)
    HAL_MspInit                              0x08001ce1   Thumb Code    42  stm32f4xx_hal_msp.o(i.HAL_MspInit)
    HAL_NVIC_EnableIRQ                       0x08001d11   Thumb Code    26  stm32f4xx_hal_cortex.o(i.HAL_NVIC_EnableIRQ)
    HAL_NVIC_SetPriority                     0x08001d2d   Thumb Code    60  stm32f4xx_hal_cortex.o(i.HAL_NVIC_SetPriority)
    HAL_NVIC_SetPriorityGrouping             0x08001d6d   Thumb Code    26  stm32f4xx_hal_cortex.o(i.HAL_NVIC_SetPriorityGrouping)
    HAL_RCC_ClockConfig                      0x08001d91   Thumb Code   288  stm32f4xx_hal_rcc.o(i.HAL_RCC_ClockConfig)
    HAL_RCC_GetPCLK1Freq                     0x08001ec5   Thumb Code    20  stm32f4xx_hal_rcc.o(i.HAL_RCC_GetPCLK1Freq)
    HAL_RCC_GetPCLK2Freq                     0x08001ee5   Thumb Code    20  stm32f4xx_hal_rcc.o(i.HAL_RCC_GetPCLK2Freq)
    HAL_RCC_GetSysClockFreq                  0x08001f05   Thumb Code    88  stm32f4xx_hal_rcc.o(i.HAL_RCC_GetSysClockFreq)
    HAL_RCC_OscConfig                        0x08001f69   Thumb Code   856  stm32f4xx_hal_rcc.o(i.HAL_RCC_OscConfig)
    HAL_SYSTICK_Config                       0x080022d5   Thumb Code    40  stm32f4xx_hal_cortex.o(i.HAL_SYSTICK_Config)
    HAL_TIMEx_BreakCallback                  0x080022fd   Thumb Code     2  stm32f4xx_hal_tim_ex.o(i.HAL_TIMEx_BreakCallback)
    HAL_TIMEx_CommutCallback                 0x080022ff   Thumb Code     2  stm32f4xx_hal_tim_ex.o(i.HAL_TIMEx_CommutCallback)
    HAL_TIMEx_MasterConfigSynchronization    0x08002301   Thumb Code   104  stm32f4xx_hal_tim_ex.o(i.HAL_TIMEx_MasterConfigSynchronization)
    HAL_TIM_Base_Init                        0x0800237d   Thumb Code    90  stm32f4xx_hal_tim.o(i.HAL_TIM_Base_Init)
    HAL_TIM_Base_MspInit                     0x080023d9   Thumb Code    76  stm32f4xx_hal_msp.o(i.HAL_TIM_Base_MspInit)
    HAL_TIM_Base_Start                       0x08002431   Thumb Code    78  stm32f4xx_hal_tim.o(i.HAL_TIM_Base_Start)
    HAL_TIM_Base_Start_IT                    0x08002495   Thumb Code    88  stm32f4xx_hal_tim.o(i.HAL_TIM_Base_Start_IT)
    HAL_TIM_ConfigClockSource                0x08002501   Thumb Code   220  stm32f4xx_hal_tim.o(i.HAL_TIM_ConfigClockSource)
    HAL_TIM_Encoder_Init                     0x080025dd   Thumb Code   164  stm32f4xx_hal_tim.o(i.HAL_TIM_Encoder_Init)
    HAL_TIM_Encoder_MspInit                  0x08002681   Thumb Code   264  stm32f4xx_hal_msp.o(i.HAL_TIM_Encoder_MspInit)
    HAL_TIM_Encoder_Start                    0x080027a1   Thumb Code   142  stm32f4xx_hal_tim.o(i.HAL_TIM_Encoder_Start)
    HAL_TIM_IC_CaptureCallback               0x0800282f   Thumb Code     2  stm32f4xx_hal_tim.o(i.HAL_TIM_IC_CaptureCallback)
    HAL_TIM_IRQHandler                       0x08002831   Thumb Code   304  stm32f4xx_hal_tim.o(i.HAL_TIM_IRQHandler)
    HAL_TIM_MspPostInit                      0x08002961   Thumb Code   106  stm32f4xx_hal_msp.o(i.HAL_TIM_MspPostInit)
    HAL_TIM_OC_DelayElapsedCallback          0x080029dd   Thumb Code     2  stm32f4xx_hal_tim.o(i.HAL_TIM_OC_DelayElapsedCallback)
    HAL_TIM_PWM_ConfigChannel                0x080029df   Thumb Code   204  stm32f4xx_hal_tim.o(i.HAL_TIM_PWM_ConfigChannel)
    HAL_TIM_PWM_Init                         0x08002aab   Thumb Code    90  stm32f4xx_hal_tim.o(i.HAL_TIM_PWM_Init)
    HAL_TIM_PWM_MspInit                      0x08002b05   Thumb Code    30  stm32f4xx_hal_msp.o(i.HAL_TIM_PWM_MspInit)
    HAL_TIM_PWM_PulseFinishedCallback        0x08002b2d   Thumb Code     2  stm32f4xx_hal_tim.o(i.HAL_TIM_PWM_PulseFinishedCallback)
    HAL_TIM_PWM_Start                        0x08002b31   Thumb Code   156  stm32f4xx_hal_tim.o(i.HAL_TIM_PWM_Start)
    HAL_TIM_PeriodElapsedCallback            0x08002be1   Thumb Code    18  main.o(i.HAL_TIM_PeriodElapsedCallback)
    HAL_TIM_TriggerCallback                  0x08002bfd   Thumb Code     2  stm32f4xx_hal_tim.o(i.HAL_TIM_TriggerCallback)
    HAL_UARTEx_RxEventCallback               0x08002bff   Thumb Code     2  stm32f4xx_hal_uart.o(i.HAL_UARTEx_RxEventCallback)
    HAL_UART_ErrorCallback                   0x08002c01   Thumb Code     2  stm32f4xx_hal_uart.o(i.HAL_UART_ErrorCallback)
    HAL_UART_IRQHandler                      0x08002c05   Thumb Code   636  stm32f4xx_hal_uart.o(i.HAL_UART_IRQHandler)
    HAL_UART_Init                            0x08002e85   Thumb Code   100  stm32f4xx_hal_uart.o(i.HAL_UART_Init)
    HAL_UART_MspInit                         0x08002ee9   Thumb Code   108  stm32f4xx_hal_msp.o(i.HAL_UART_MspInit)
    HAL_UART_Receive_IT                      0x08002f61   Thumb Code    28  stm32f4xx_hal_uart.o(i.HAL_UART_Receive_IT)
    HAL_UART_RxCpltCallback                  0x08002f7d   Thumb Code    40  main.o(i.HAL_UART_RxCpltCallback)
    HAL_UART_Transmit                        0x08002fad   Thumb Code   160  stm32f4xx_hal_uart.o(i.HAL_UART_Transmit)
    HAL_UART_TxCpltCallback                  0x0800304d   Thumb Code     2  stm32f4xx_hal_uart.o(i.HAL_UART_TxCpltCallback)
    HardFault_Handler                        0x0800304f   Thumb Code     2  stm32f4xx_it.o(i.HardFault_Handler)
    MemManage_Handler                        0x080033c1   Thumb Code     2  stm32f4xx_it.o(i.MemManage_Handler)
    Motor_Setup                              0x080033c3   Thumb Code    10  motor.o(i.Motor_Setup)
    NMI_Handler                              0x080033cd   Thumb Code     2  stm32f4xx_it.o(i.NMI_Handler)
    PID_Calculate                            0x080033d1   Thumb Code   158  pid.o(i.PID_Calculate)
    PID_Init                                 0x0800347d   Thumb Code     8  pid.o(i.PID_Init)
    PID_Reset                                0x08003485   Thumb Code    30  pid.o(i.PID_Reset)
    PendSV_Handler                           0x080034a9   Thumb Code     2  stm32f4xx_it.o(i.PendSV_Handler)
    SVC_Handler                              0x080034ab   Thumb Code     2  stm32f4xx_it.o(i.SVC_Handler)
    SysTick_Handler                          0x080034ad   Thumb Code     4  stm32f4xx_it.o(i.SysTick_Handler)
    SystemClock_Config                       0x080034b1   Thumb Code   136  main.o(i.SystemClock_Config)
    SystemInit                               0x08003541   Thumb Code    12  system_stm32f4xx.o(i.SystemInit)
    TIM1_BRK_TIM9_IRQHandler                 0x08003551   Thumb Code    18  stm32f4xx_it.o(i.TIM1_BRK_TIM9_IRQHandler)
    TIM_Base_SetConfig                       0x0800356d   Thumb Code   130  stm32f4xx_hal_tim.o(i.TIM_Base_SetConfig)
    TIM_CCxChannelCmd                        0x0800360d   Thumb Code    26  stm32f4xx_hal_tim.o(i.TIM_CCxChannelCmd)
    TIM_ETR_SetConfig                        0x08003627   Thumb Code    20  stm32f4xx_hal_tim.o(i.TIM_ETR_SetConfig)
    TIM_OC2_SetConfig                        0x0800369d   Thumb Code    84  stm32f4xx_hal_tim.o(i.TIM_OC2_SetConfig)
    UART_Start_Receive_IT                    0x08003a01   Thumb Code    54  stm32f4xx_hal_uart.o(i.UART_Start_Receive_IT)
    USART2_IRQHandler                        0x08003aa9   Thumb Code     6  stm32f4xx_it.o(i.USART2_IRQHandler)
    UsageFault_Handler                       0x08003ab5   Thumb Code     2  stm32f4xx_it.o(i.UsageFault_Handler)
    __ARM_fpclassify                         0x08003ab7   Thumb Code    48  fpclassify.o(i.__ARM_fpclassify)
    __hardfp_sqrt                            0x08003b07   Thumb Code   122  sqrt.o(i.__hardfp_sqrt)
    _is_digit                                0x08003b81   Thumb Code    14  __printf_wp.o(i._is_digit)
    car_control                              0x08003b91   Thumb Code   200  car.o(i.car_control)
    car_init                                 0x08003c69   Thumb Code    18  car.o(i.car_init)
    control_motor                            0x08003c81   Thumb Code   106  motor.o(i.control_motor)
    filter                                   0x08003cf1   Thumb Code    56  main.o(i.filter)
    get_info_cmd                             0x08003d29   Thumb Code    52  response.o(i.get_info_cmd)
    get_speed                                0x08003d65   Thumb Code    88  response.o(i.get_speed)
    main                                     0x08003dc1   Thumb Code   388  main.o(i.main)
    motor_init                               0x08003f7d   Thumb Code    44  motor.o(i.motor_init)
    pwm_set_duty                             0x08003fad   Thumb Code    62  motor.o(i.pwm_set_duty)
    response_uart                            0x08003ff1   Thumb Code    50  response.o(i.response_uart)
    soft_start                               0x08004045   Thumb Code   114  pid.o(i.soft_start)
    uart_handle                              0x080040c5   Thumb Code   184  uart.o(i.uart_handle)
    uart_receive_data                        0x080041bd   Thumb Code    34  uart.o(i.uart_receive_data)
    _get_lc_numeric                          0x080041e9   Thumb Code    44  lc_numeric_c.o(locale$$code)
    __aeabi_d2f                              0x08004215   Thumb Code     0  d2f.o(x$fpl$d2f)
    _d2f                                     0x08004215   Thumb Code    98  d2f.o(x$fpl$d2f)
    __aeabi_dadd                             0x08004279   Thumb Code     0  daddsub_clz.o(x$fpl$dadd)
    _dadd                                    0x08004279   Thumb Code   332  daddsub_clz.o(x$fpl$dadd)
    __aeabi_ddiv                             0x080043c9   Thumb Code     0  ddiv.o(x$fpl$ddiv)
    _ddiv                                    0x080043c9   Thumb Code   552  ddiv.o(x$fpl$ddiv)
    __aeabi_dmul                             0x08004679   Thumb Code     0  dmul.o(x$fpl$dmul)
    _dmul                                    0x08004679   Thumb Code   332  dmul.o(x$fpl$dmul)
    __fpl_dnaninf                            0x080047cd   Thumb Code   156  dnaninf.o(x$fpl$dnaninf)
    __fpl_dretinf                            0x08004869   Thumb Code    12  dretinf.o(x$fpl$dretinf)
    _dsqrt                                   0x08004875   Thumb Code   404  dsqrt_umaal.o(x$fpl$dsqrt)
    __aeabi_dsub                             0x08004a0d   Thumb Code     0  daddsub_clz.o(x$fpl$dsub)
    _dsub                                    0x08004a0d   Thumb Code   464  daddsub_clz.o(x$fpl$dsub)
    __aeabi_f2d                              0x08004be1   Thumb Code     0  f2d.o(x$fpl$f2d)
    _f2d                                     0x08004be1   Thumb Code    86  f2d.o(x$fpl$f2d)
    __aeabi_ul2f                             0x08004c37   Thumb Code     0  ffltll_clz.o(x$fpl$ffltll)
    _ll_uto_f                                0x08004c37   Thumb Code     6  ffltll_clz.o(x$fpl$ffltll)
    __aeabi_l2f                              0x08004c3d   Thumb Code     0  ffltll_clz.o(x$fpl$ffltll)
    _ll_sto_f                                0x08004c3d   Thumb Code    90  ffltll_clz.o(x$fpl$ffltll)
    __fpl_fnaninf                            0x08004c97   Thumb Code   140  fnaninf.o(x$fpl$fnaninf)
    _fp_init                                 0x08004d23   Thumb Code    10  fpinit.o(x$fpl$fpinit)
    __fplib_config_fpu_vfp                   0x08004d2b   Thumb Code     0  fpinit.o(x$fpl$fpinit)
    __fplib_config_pureend_doubles           0x08004d2b   Thumb Code     0  fpinit.o(x$fpl$fpinit)
    __fpl_fretinf                            0x08004d2d   Thumb Code    10  fretinf.o(x$fpl$fretinf)
    _printf_fp_dec                           0x08004d37   Thumb Code     4  printf1.o(x$fpl$printf1)
    AHBPrescTable                            0x08004d3a   Data          16  system_stm32f4xx.o(.constdata)
    __I$use$fp                               0x08004d3a   Number         0  usenofp.o(x$fpl$usenofp)
    APBPrescTable                            0x08004d4a   Data           8  system_stm32f4xx.o(.constdata)
    Region$$Table$$Base                      0x08004de8   Number         0  anon$$obj.o(Region$$Table)
    Region$$Table$$Limit                     0x08004e08   Number         0  anon$$obj.o(Region$$Table)
    flag_encoder                             0x20000000   Data           1  main.o(.data)
    is_starting_front                        0x20000001   Data           1  main.o(.data)
    is_starting_left                         0x20000002   Data           1  main.o(.data)
    is_starting_right                        0x20000003   Data           1  main.o(.data)
    direct                                   0x20000004   Data           1  main.o(.data)
    data_rx                                  0x20000005   Data           1  main.o(.data)
    counterEncoder_motorFront                0x20000006   Data           2  main.o(.data)
    counterEncoder_motorLeft                 0x20000008   Data           2  main.o(.data)
    counterEncoder_motorRight                0x2000000a   Data           2  main.o(.data)
    filter_front                             0x2000000c   Data           4  main.o(.data)
    filter_left                              0x20000010   Data           4  main.o(.data)
    filter_right                             0x20000014   Data           4  main.o(.data)
    rpm_front                                0x20000018   Data           4  main.o(.data)
    rpm_left                                 0x2000001c   Data           4  main.o(.data)
    rpm_right                                0x20000020   Data           4  main.o(.data)
    v_front                                  0x20000024   Data           4  main.o(.data)
    v_left                                   0x20000028   Data           4  main.o(.data)
    v_right                                  0x2000002c   Data           4  main.o(.data)
    vx                                       0x20000030   Data           4  main.o(.data)
    vy                                       0x20000034   Data           4  main.o(.data)
    omega                                    0x20000038   Data           4  main.o(.data)
    pwm_front                                0x2000003c   Data           4  main.o(.data)
    pwm_left                                 0x20000040   Data           4  main.o(.data)
    pwm_right                                0x20000044   Data           4  main.o(.data)
    start_time_front                         0x20000048   Data           4  main.o(.data)
    start_time_left                          0x2000004c   Data           4  main.o(.data)
    start_time_right                         0x20000050   Data           4  main.o(.data)
    ramp_time_ms                             0x20000054   Data           4  main.o(.data)
    max_pwm                                  0x20000058   Data           4  main.o(.data)
    setpoint_front                           0x2000005c   Data           4  main.o(.data)
    setpoint_left                            0x20000060   Data           4  main.o(.data)
    setpoint_right                           0x20000064   Data           4  main.o(.data)
    v_sum                                    0x20000068   Data           4  main.o(.data)
    compensation_front                       0x2000006c   Data           4  main.o(.data)
    compensation_left                        0x20000070   Data           4  main.o(.data)
    compensation_right                       0x20000074   Data           4  main.o(.data)
    uwTickFreq                               0x20000078   Data           1  stm32f4xx_hal.o(.data)
    uwTickPrio                               0x2000007c   Data           4  stm32f4xx_hal.o(.data)
    uwTick                                   0x20000080   Data           4  stm32f4xx_hal.o(.data)
    SystemCoreClock                          0x20000084   Data           4  system_stm32f4xx.o(.data)
    flag_cpltReceive                         0x20000088   Data           1  uart.o(.data)
    buffer_index                             0x20000089   Data           1  uart.o(.data)
    message                                  0x2000008c   Data           4  uart.o(.data)
    speed_left                               0x20000090   Data           1  response.o(.data)
    speed_right                              0x20000091   Data           1  response.o(.data)
    speed_front                              0x20000092   Data           1  response.o(.data)
    htim1                                    0x2000009c   Data          72  main.o(.bss)
    htim2                                    0x200000e4   Data          72  main.o(.bss)
    htim3                                    0x2000012c   Data          72  main.o(.bss)
    htim4                                    0x20000174   Data          72  main.o(.bss)
    htim5                                    0x200001bc   Data          72  main.o(.bss)
    htim9                                    0x20000204   Data          72  main.o(.bss)
    huart2                                   0x2000024c   Data          72  main.o(.bss)
    motor_front                              0x20000294   Data          32  main.o(.bss)
    motor_left                               0x200002b4   Data          32  main.o(.bss)
    motor_right                              0x200002d4   Data          32  main.o(.bss)
    pid_front                                0x200002f4   Data          44  main.o(.bss)
    pid_left                                 0x20000320   Data          44  main.o(.bss)
    pid_right                                0x2000034c   Data          44  main.o(.bss)
    msg                                      0x20000378   Data          30  main.o(.bss)
    uart_buff                                0x20000396   Data          40  main.o(.bss)
    __libspace_start                         0x200003c0   Data          96  libspace.o(.bss)
    __temporary_stack_top$libspace           0x20000420   Data           0  libspace.o(.bss)



==============================================================================

Memory Map of the image

  Image Entry point : 0x08000199

  Load Region LR_IROM1 (Base: 0x08000000, Size: 0x00004ec0, Max: 0x00080000, ABSOLUTE)

    Execution Region ER_IROM1 (Exec base: 0x08000000, Load base: 0x08000000, Size: 0x00004e24, Max: 0x00080000, ABSOLUTE)

    Exec Addr    Load Addr    Size         Type   Attr      Idx    E Section Name        Object

    0x08000000   0x08000000   0x00000198   Data   RO            3    RESET               startup_stm32f411xe.o
    0x08000198   0x08000198   0x00000008   Code   RO         3239  * !!!main             c_w.l(__main.o)
    0x080001a0   0x080001a0   0x00000034   Code   RO         3518    !!!scatter          c_w.l(__scatter.o)
    0x080001d4   0x080001d4   0x0000001a   Code   RO         3520    !!handler_copy      c_w.l(__scatter_copy.o)
    0x080001ee   0x080001ee   0x00000002   PAD
    0x080001f0   0x080001f0   0x0000001c   Code   RO         3522    !!handler_zi        c_w.l(__scatter_zi.o)
    0x0800020c   0x0800020c   0x00000000   Code   RO         3229    .ARM.Collect$$_printf_percent$$00000000  c_w.l(_printf_percent.o)
    0x0800020c   0x0800020c   0x00000006   Code   RO         3228    .ARM.Collect$$_printf_percent$$00000003  c_w.l(_printf_f.o)
    0x08000212   0x08000212   0x00000004   Code   RO         3286    .ARM.Collect$$_printf_percent$$00000017  c_w.l(_printf_percent_end.o)
    0x08000216   0x08000216   0x00000002   Code   RO         3391    .ARM.Collect$$libinit$$00000000  c_w.l(libinit.o)
    0x08000218   0x08000218   0x00000004   Code   RO         3392    .ARM.Collect$$libinit$$00000001  c_w.l(libinit2.o)
    0x0800021c   0x0800021c   0x00000000   Code   RO         3395    .ARM.Collect$$libinit$$00000004  c_w.l(libinit2.o)
    0x0800021c   0x0800021c   0x00000000   Code   RO         3398    .ARM.Collect$$libinit$$0000000A  c_w.l(libinit2.o)
    0x0800021c   0x0800021c   0x00000000   Code   RO         3400    .ARM.Collect$$libinit$$0000000C  c_w.l(libinit2.o)
    0x0800021c   0x0800021c   0x00000000   Code   RO         3402    .ARM.Collect$$libinit$$0000000E  c_w.l(libinit2.o)
    0x0800021c   0x0800021c   0x00000006   Code   RO         3403    .ARM.Collect$$libinit$$0000000F  c_w.l(libinit2.o)
    0x08000222   0x08000222   0x00000000   Code   RO         3405    .ARM.Collect$$libinit$$00000011  c_w.l(libinit2.o)
    0x08000222   0x08000222   0x00000000   Code   RO         3407    .ARM.Collect$$libinit$$00000013  c_w.l(libinit2.o)
    0x08000222   0x08000222   0x00000000   Code   RO         3409    .ARM.Collect$$libinit$$00000015  c_w.l(libinit2.o)
    0x08000222   0x08000222   0x0000000a   Code   RO         3410    .ARM.Collect$$libinit$$00000016  c_w.l(libinit2.o)
    0x0800022c   0x0800022c   0x00000000   Code   RO         3411    .ARM.Collect$$libinit$$00000017  c_w.l(libinit2.o)
    0x0800022c   0x0800022c   0x00000000   Code   RO         3413    .ARM.Collect$$libinit$$00000019  c_w.l(libinit2.o)
    0x0800022c   0x0800022c   0x00000000   Code   RO         3415    .ARM.Collect$$libinit$$0000001B  c_w.l(libinit2.o)
    0x0800022c   0x0800022c   0x00000000   Code   RO         3417    .ARM.Collect$$libinit$$0000001D  c_w.l(libinit2.o)
    0x0800022c   0x0800022c   0x00000000   Code   RO         3419    .ARM.Collect$$libinit$$0000001F  c_w.l(libinit2.o)
    0x0800022c   0x0800022c   0x00000000   Code   RO         3421    .ARM.Collect$$libinit$$00000021  c_w.l(libinit2.o)
    0x0800022c   0x0800022c   0x00000000   Code   RO         3423    .ARM.Collect$$libinit$$00000023  c_w.l(libinit2.o)
    0x0800022c   0x0800022c   0x00000000   Code   RO         3425    .ARM.Collect$$libinit$$00000025  c_w.l(libinit2.o)
    0x0800022c   0x0800022c   0x00000000   Code   RO         3429    .ARM.Collect$$libinit$$0000002C  c_w.l(libinit2.o)
    0x0800022c   0x0800022c   0x00000000   Code   RO         3431    .ARM.Collect$$libinit$$0000002E  c_w.l(libinit2.o)
    0x0800022c   0x0800022c   0x00000000   Code   RO         3433    .ARM.Collect$$libinit$$00000030  c_w.l(libinit2.o)
    0x0800022c   0x0800022c   0x00000000   Code   RO         3435    .ARM.Collect$$libinit$$00000032  c_w.l(libinit2.o)
    0x0800022c   0x0800022c   0x00000002   Code   RO         3436    .ARM.Collect$$libinit$$00000033  c_w.l(libinit2.o)
    0x0800022e   0x0800022e   0x00000002   Code   RO         3483    .ARM.Collect$$libshutdown$$00000000  c_w.l(libshutdown.o)
    0x08000230   0x08000230   0x00000000   Code   RO         3501    .ARM.Collect$$libshutdown$$00000002  c_w.l(libshutdown2.o)
    0x08000230   0x08000230   0x00000000   Code   RO         3503    .ARM.Collect$$libshutdown$$00000004  c_w.l(libshutdown2.o)
    0x08000230   0x08000230   0x00000000   Code   RO         3506    .ARM.Collect$$libshutdown$$00000007  c_w.l(libshutdown2.o)
    0x08000230   0x08000230   0x00000000   Code   RO         3509    .ARM.Collect$$libshutdown$$0000000A  c_w.l(libshutdown2.o)
    0x08000230   0x08000230   0x00000000   Code   RO         3511    .ARM.Collect$$libshutdown$$0000000C  c_w.l(libshutdown2.o)
    0x08000230   0x08000230   0x00000000   Code   RO         3514    .ARM.Collect$$libshutdown$$0000000F  c_w.l(libshutdown2.o)
    0x08000230   0x08000230   0x00000002   Code   RO         3515    .ARM.Collect$$libshutdown$$00000010  c_w.l(libshutdown2.o)
    0x08000232   0x08000232   0x00000000   Code   RO         3273    .ARM.Collect$$rtentry$$00000000  c_w.l(__rtentry.o)
    0x08000232   0x08000232   0x00000000   Code   RO         3303    .ARM.Collect$$rtentry$$00000002  c_w.l(__rtentry2.o)
    0x08000232   0x08000232   0x00000006   Code   RO         3315    .ARM.Collect$$rtentry$$00000004  c_w.l(__rtentry4.o)
    0x08000238   0x08000238   0x00000000   Code   RO         3305    .ARM.Collect$$rtentry$$00000009  c_w.l(__rtentry2.o)
    0x08000238   0x08000238   0x00000004   Code   RO         3306    .ARM.Collect$$rtentry$$0000000A  c_w.l(__rtentry2.o)
    0x0800023c   0x0800023c   0x00000000   Code   RO         3308    .ARM.Collect$$rtentry$$0000000C  c_w.l(__rtentry2.o)
    0x0800023c   0x0800023c   0x00000008   Code   RO         3309    .ARM.Collect$$rtentry$$0000000D  c_w.l(__rtentry2.o)
    0x08000244   0x08000244   0x00000002   Code   RO         3437    .ARM.Collect$$rtexit$$00000000  c_w.l(rtexit.o)
    0x08000246   0x08000246   0x00000000   Code   RO         3452    .ARM.Collect$$rtexit$$00000002  c_w.l(rtexit2.o)
    0x08000246   0x08000246   0x00000004   Code   RO         3453    .ARM.Collect$$rtexit$$00000003  c_w.l(rtexit2.o)
    0x0800024a   0x0800024a   0x00000006   Code   RO         3454    .ARM.Collect$$rtexit$$00000004  c_w.l(rtexit2.o)
    0x08000250   0x08000250   0x00000040   Code   RO            4    .text               startup_stm32f411xe.o
    0x08000290   0x08000290   0x000000ee   Code   RO         3200    .text               c_w.l(lludivv7m.o)
    0x0800037e   0x0800037e   0x00000002   PAD
    0x08000380   0x08000380   0x00000028   Code   RO         3204    .text               c_w.l(noretval__2sprintf.o)
    0x080003a8   0x080003a8   0x0000010e   Code   RO         3216    .text               c_w.l(__printf_wp.o)
    0x080004b6   0x080004b6   0x00000002   PAD
    0x080004b8   0x080004b8   0x0000000c   Code   RO         3230    .text               c_w.l(strtok.o)
    0x080004c4   0x080004c4   0x0000003e   Code   RO         3233    .text               c_w.l(strlen.o)
    0x08000502   0x08000502   0x0000004e   Code   RO         3235    .text               c_w.l(rt_memclr_w.o)
    0x08000550   0x08000550   0x00000006   Code   RO         3237    .text               c_w.l(heapauxi.o)
    0x08000556   0x08000556   0x00000016   Code   RO         3278    .text               c_w.l(_rserrno.o)
    0x0800056c   0x0800056c   0x0000041e   Code   RO         3280    .text               c_w.l(_printf_fp_dec.o)
    0x0800098a   0x0800098a   0x00000002   PAD
    0x0800098c   0x0800098c   0x00000030   Code   RO         3282    .text               c_w.l(_printf_char_common.o)
    0x080009bc   0x080009bc   0x0000000a   Code   RO         3284    .text               c_w.l(_sputc.o)
    0x080009c6   0x080009c6   0x00000002   PAD
    0x080009c8   0x080009c8   0x00000044   Code   RO         3287    .text               c_w.l(strtok_int.o)
    0x08000a0c   0x08000a0c   0x00000008   Code   RO         3322    .text               c_w.l(rt_locale_intlibspace.o)
    0x08000a14   0x08000a14   0x00000008   Code   RO         3327    .text               c_w.l(rt_errno_addr_intlibspace.o)
    0x08000a1c   0x08000a1c   0x0000008a   Code   RO         3329    .text               c_w.l(lludiv10.o)
    0x08000aa6   0x08000aa6   0x00000002   PAD
    0x08000aa8   0x08000aa8   0x00000080   Code   RO         3331    .text               c_w.l(_printf_fp_infnan.o)
    0x08000b28   0x08000b28   0x000000e4   Code   RO         3335    .text               c_w.l(bigflt0.o)
    0x08000c0c   0x08000c0c   0x00000020   Code   RO         3363    .text               c_w.l(strcspn.o)
    0x08000c2c   0x08000c2c   0x0000001c   Code   RO         3365    .text               c_w.l(strspn.o)
    0x08000c48   0x08000c48   0x00000008   Code   RO         3373    .text               c_w.l(libspace.o)
    0x08000c50   0x08000c50   0x0000004a   Code   RO         3376    .text               c_w.l(sys_stackheap_outer.o)
    0x08000c9a   0x08000c9a   0x00000012   Code   RO         3378    .text               c_w.l(exit.o)
    0x08000cac   0x08000cac   0x00000080   Code   RO         3384    .text               c_w.l(strcmpv7m.o)
    0x08000d2c   0x08000d2c   0x0000000c   Code   RO         3449    .text               c_w.l(sys_exit.o)
    0x08000d38   0x08000d38   0x00000002   Code   RO         3470    .text               c_w.l(use_no_semi.o)
    0x08000d3a   0x08000d3a   0x00000000   Code   RO         3472    .text               c_w.l(indicate_semi.o)
    0x08000d3a   0x08000d3a   0x0000003e   Code   RO         3338    CL$$btod_d2e        c_w.l(btod.o)
    0x08000d78   0x08000d78   0x00000046   Code   RO         3340    CL$$btod_d2e_denorm_low  c_w.l(btod.o)
    0x08000dbe   0x08000dbe   0x00000060   Code   RO         3339    CL$$btod_d2e_norm_op1  c_w.l(btod.o)
    0x08000e1e   0x08000e1e   0x00000338   Code   RO         3348    CL$$btod_div_common  c_w.l(btod.o)
    0x08001156   0x08001156   0x000000dc   Code   RO         3345    CL$$btod_e2e        c_w.l(btod.o)
    0x08001232   0x08001232   0x0000002a   Code   RO         3342    CL$$btod_ediv       c_w.l(btod.o)
    0x0800125c   0x0800125c   0x0000002a   Code   RO         3341    CL$$btod_emul       c_w.l(btod.o)
    0x08001286   0x08001286   0x00000244   Code   RO         3347    CL$$btod_mult_common  c_w.l(btod.o)
    0x080014ca   0x080014ca   0x00000002   Code   RO          237    i.BusFault_Handler  stm32f4xx_it.o
    0x080014cc   0x080014cc   0x000004e0   Code   RO           13    i.Calculate_Velocity  main.o
    0x080019ac   0x080019ac   0x00000002   Code   RO          238    i.DebugMon_Handler  stm32f4xx_it.o
    0x080019ae   0x080019ae   0x00000092   Code   RO         1892    i.HAL_DMA_Abort     stm32f4xx_hal_dma.o
    0x08001a40   0x08001a40   0x00000024   Code   RO         1893    i.HAL_DMA_Abort_IT  stm32f4xx_hal_dma.o
    0x08001a64   0x08001a64   0x000001e0   Code   RO         1785    i.HAL_GPIO_Init     stm32f4xx_hal_gpio.o
    0x08001c44   0x08001c44   0x0000000a   Code   RO         1789    i.HAL_GPIO_WritePin  stm32f4xx_hal_gpio.o
    0x08001c4e   0x08001c4e   0x00000002   PAD
    0x08001c50   0x08001c50   0x0000000c   Code   RO         2359    i.HAL_GetTick       stm32f4xx_hal.o
    0x08001c5c   0x08001c5c   0x00000010   Code   RO         2365    i.HAL_IncTick       stm32f4xx_hal.o
    0x08001c6c   0x08001c6c   0x00000034   Code   RO         2366    i.HAL_Init          stm32f4xx_hal.o
    0x08001ca0   0x08001ca0   0x00000040   Code   RO         2367    i.HAL_InitTick      stm32f4xx_hal.o
    0x08001ce0   0x08001ce0   0x00000030   Code   RO          325    i.HAL_MspInit       stm32f4xx_hal_msp.o
    0x08001d10   0x08001d10   0x0000001a   Code   RO         2201    i.HAL_NVIC_EnableIRQ  stm32f4xx_hal_cortex.o
    0x08001d2a   0x08001d2a   0x00000002   PAD
    0x08001d2c   0x08001d2c   0x00000040   Code   RO         2207    i.HAL_NVIC_SetPriority  stm32f4xx_hal_cortex.o
    0x08001d6c   0x08001d6c   0x00000024   Code   RO         2208    i.HAL_NVIC_SetPriorityGrouping  stm32f4xx_hal_cortex.o
    0x08001d90   0x08001d90   0x00000134   Code   RO         1377    i.HAL_RCC_ClockConfig  stm32f4xx_hal_rcc.o
    0x08001ec4   0x08001ec4   0x00000020   Code   RO         1384    i.HAL_RCC_GetPCLK1Freq  stm32f4xx_hal_rcc.o
    0x08001ee4   0x08001ee4   0x00000020   Code   RO         1385    i.HAL_RCC_GetPCLK2Freq  stm32f4xx_hal_rcc.o
    0x08001f04   0x08001f04   0x00000064   Code   RO         1386    i.HAL_RCC_GetSysClockFreq  stm32f4xx_hal_rcc.o
    0x08001f68   0x08001f68   0x0000036c   Code   RO         1389    i.HAL_RCC_OscConfig  stm32f4xx_hal_rcc.o
    0x080022d4   0x080022d4   0x00000028   Code   RO         2212    i.HAL_SYSTICK_Config  stm32f4xx_hal_cortex.o
    0x080022fc   0x080022fc   0x00000002   Code   RO         1109    i.HAL_TIMEx_BreakCallback  stm32f4xx_hal_tim_ex.o
    0x080022fe   0x080022fe   0x00000002   Code   RO         1110    i.HAL_TIMEx_CommutCallback  stm32f4xx_hal_tim_ex.o
    0x08002300   0x08002300   0x0000007c   Code   RO         1128    i.HAL_TIMEx_MasterConfigSynchronization  stm32f4xx_hal_tim_ex.o
    0x0800237c   0x0800237c   0x0000005a   Code   RO          405    i.HAL_TIM_Base_Init  stm32f4xx_hal_tim.o
    0x080023d6   0x080023d6   0x00000002   PAD
    0x080023d8   0x080023d8   0x00000058   Code   RO          327    i.HAL_TIM_Base_MspInit  stm32f4xx_hal_msp.o
    0x08002430   0x08002430   0x00000064   Code   RO          408    i.HAL_TIM_Base_Start  stm32f4xx_hal_tim.o
    0x08002494   0x08002494   0x0000006c   Code   RO          410    i.HAL_TIM_Base_Start_IT  stm32f4xx_hal_tim.o
    0x08002500   0x08002500   0x000000dc   Code   RO          414    i.HAL_TIM_ConfigClockSource  stm32f4xx_hal_tim.o
    0x080025dc   0x080025dc   0x000000a4   Code   RO          426    i.HAL_TIM_Encoder_Init  stm32f4xx_hal_tim.o
    0x08002680   0x08002680   0x00000120   Code   RO          329    i.HAL_TIM_Encoder_MspInit  stm32f4xx_hal_msp.o
    0x080027a0   0x080027a0   0x0000008e   Code   RO          429    i.HAL_TIM_Encoder_Start  stm32f4xx_hal_tim.o
    0x0800282e   0x0800282e   0x00000002   Code   RO          439    i.HAL_TIM_IC_CaptureCallback  stm32f4xx_hal_tim.o
    0x08002830   0x08002830   0x00000130   Code   RO          453    i.HAL_TIM_IRQHandler  stm32f4xx_hal_tim.o
    0x08002960   0x08002960   0x0000007c   Code   RO          330    i.HAL_TIM_MspPostInit  stm32f4xx_hal_msp.o
    0x080029dc   0x080029dc   0x00000002   Code   RO          456    i.HAL_TIM_OC_DelayElapsedCallback  stm32f4xx_hal_tim.o
    0x080029de   0x080029de   0x000000cc   Code   RO          477    i.HAL_TIM_PWM_ConfigChannel  stm32f4xx_hal_tim.o
    0x08002aaa   0x08002aaa   0x0000005a   Code   RO          480    i.HAL_TIM_PWM_Init  stm32f4xx_hal_tim.o
    0x08002b04   0x08002b04   0x00000028   Code   RO          332    i.HAL_TIM_PWM_MspInit  stm32f4xx_hal_msp.o
    0x08002b2c   0x08002b2c   0x00000002   Code   RO          483    i.HAL_TIM_PWM_PulseFinishedCallback  stm32f4xx_hal_tim.o
    0x08002b2e   0x08002b2e   0x00000002   PAD
    0x08002b30   0x08002b30   0x000000b0   Code   RO          485    i.HAL_TIM_PWM_Start  stm32f4xx_hal_tim.o
    0x08002be0   0x08002be0   0x0000001c   Code   RO           15    i.HAL_TIM_PeriodElapsedCallback  main.o
    0x08002bfc   0x08002bfc   0x00000002   Code   RO          496    i.HAL_TIM_TriggerCallback  stm32f4xx_hal_tim.o
    0x08002bfe   0x08002bfe   0x00000002   Code   RO         2616    i.HAL_UARTEx_RxEventCallback  stm32f4xx_hal_uart.o
    0x08002c00   0x08002c00   0x00000002   Code   RO         2630    i.HAL_UART_ErrorCallback  stm32f4xx_hal_uart.o
    0x08002c02   0x08002c02   0x00000002   PAD
    0x08002c04   0x08002c04   0x00000280   Code   RO         2633    i.HAL_UART_IRQHandler  stm32f4xx_hal_uart.o
    0x08002e84   0x08002e84   0x00000064   Code   RO         2634    i.HAL_UART_Init     stm32f4xx_hal_uart.o
    0x08002ee8   0x08002ee8   0x00000078   Code   RO          334    i.HAL_UART_MspInit  stm32f4xx_hal_msp.o
    0x08002f60   0x08002f60   0x0000001c   Code   RO         2639    i.HAL_UART_Receive_IT  stm32f4xx_hal_uart.o
    0x08002f7c   0x08002f7c   0x00000030   Code   RO           16    i.HAL_UART_RxCpltCallback  main.o
    0x08002fac   0x08002fac   0x000000a0   Code   RO         2642    i.HAL_UART_Transmit  stm32f4xx_hal_uart.o
    0x0800304c   0x0800304c   0x00000002   Code   RO         2645    i.HAL_UART_TxCpltCallback  stm32f4xx_hal_uart.o
    0x0800304e   0x0800304e   0x00000002   Code   RO          239    i.HardFault_Handler  stm32f4xx_it.o
    0x08003050   0x08003050   0x000000ec   Code   RO           17    i.MX_GPIO_Init      main.o
    0x0800313c   0x0800313c   0x0000006c   Code   RO           18    i.MX_TIM1_Init      main.o
    0x080031a8   0x080031a8   0x00000068   Code   RO           19    i.MX_TIM2_Init      main.o
    0x08003210   0x08003210   0x0000006c   Code   RO           20    i.MX_TIM3_Init      main.o
    0x0800327c   0x0800327c   0x00000090   Code   RO           21    i.MX_TIM4_Init      main.o
    0x0800330c   0x0800330c   0x00000064   Code   RO           22    i.MX_TIM5_Init      main.o
    0x08003370   0x08003370   0x00000050   Code   RO           23    i.MX_TIM9_Init      main.o
    0x080033c0   0x080033c0   0x00000002   Code   RO          240    i.MemManage_Handler  stm32f4xx_it.o
    0x080033c2   0x080033c2   0x0000000a   Code   RO         3113    i.Motor_Setup       motor.o
    0x080033cc   0x080033cc   0x00000002   Code   RO          241    i.NMI_Handler       stm32f4xx_it.o
    0x080033ce   0x080033ce   0x00000002   PAD
    0x080033d0   0x080033d0   0x000000ac   Code   RO         3155    i.PID_Calculate     pid.o
    0x0800347c   0x0800347c   0x00000008   Code   RO         3156    i.PID_Init          pid.o
    0x08003484   0x08003484   0x00000024   Code   RO         3157    i.PID_Reset         pid.o
    0x080034a8   0x080034a8   0x00000002   Code   RO          242    i.PendSV_Handler    stm32f4xx_it.o
    0x080034aa   0x080034aa   0x00000002   Code   RO          243    i.SVC_Handler       stm32f4xx_it.o
    0x080034ac   0x080034ac   0x00000004   Code   RO          244    i.SysTick_Handler   stm32f4xx_it.o
    0x080034b0   0x080034b0   0x00000090   Code   RO           24    i.SystemClock_Config  main.o
    0x08003540   0x08003540   0x00000010   Code   RO         2968    i.SystemInit        system_stm32f4xx.o
    0x08003550   0x08003550   0x0000001c   Code   RO          245    i.TIM1_BRK_TIM9_IRQHandler  stm32f4xx_it.o
    0x0800356c   0x0800356c   0x000000a0   Code   RO          498    i.TIM_Base_SetConfig  stm32f4xx_hal_tim.o
    0x0800360c   0x0800360c   0x0000001a   Code   RO          499    i.TIM_CCxChannelCmd  stm32f4xx_hal_tim.o
    0x08003626   0x08003626   0x00000014   Code   RO          509    i.TIM_ETR_SetConfig  stm32f4xx_hal_tim.o
    0x0800363a   0x0800363a   0x00000010   Code   RO          510    i.TIM_ITRx_SetConfig  stm32f4xx_hal_tim.o
    0x0800364a   0x0800364a   0x00000002   PAD
    0x0800364c   0x0800364c   0x00000050   Code   RO          511    i.TIM_OC1_SetConfig  stm32f4xx_hal_tim.o
    0x0800369c   0x0800369c   0x00000058   Code   RO          512    i.TIM_OC2_SetConfig  stm32f4xx_hal_tim.o
    0x080036f4   0x080036f4   0x00000058   Code   RO          513    i.TIM_OC3_SetConfig  stm32f4xx_hal_tim.o
    0x0800374c   0x0800374c   0x00000044   Code   RO          514    i.TIM_OC4_SetConfig  stm32f4xx_hal_tim.o
    0x08003790   0x08003790   0x00000022   Code   RO          516    i.TIM_TI1_ConfigInputStage  stm32f4xx_hal_tim.o
    0x080037b2   0x080037b2   0x00000024   Code   RO          518    i.TIM_TI2_ConfigInputStage  stm32f4xx_hal_tim.o
    0x080037d6   0x080037d6   0x0000000e   Code   RO         2647    i.UART_DMAAbortOnError  stm32f4xx_hal_uart.o
    0x080037e4   0x080037e4   0x0000004e   Code   RO         2657    i.UART_EndRxTransfer  stm32f4xx_hal_uart.o
    0x08003832   0x08003832   0x000000c2   Code   RO         2659    i.UART_Receive_IT   stm32f4xx_hal_uart.o
    0x080038f4   0x080038f4   0x0000010c   Code   RO         2660    i.UART_SetConfig    stm32f4xx_hal_uart.o
    0x08003a00   0x08003a00   0x00000036   Code   RO         2662    i.UART_Start_Receive_IT  stm32f4xx_hal_uart.o
    0x08003a36   0x08003a36   0x00000072   Code   RO         2663    i.UART_WaitOnFlagUntilTimeout  stm32f4xx_hal_uart.o
    0x08003aa8   0x08003aa8   0x0000000c   Code   RO          246    i.USART2_IRQHandler  stm32f4xx_it.o
    0x08003ab4   0x08003ab4   0x00000002   Code   RO          247    i.UsageFault_Handler  stm32f4xx_it.o
    0x08003ab6   0x08003ab6   0x00000030   Code   RO         3371    i.__ARM_fpclassify  m_wm.l(fpclassify.o)
    0x08003ae6   0x08003ae6   0x00000020   Code   RO         2214    i.__NVIC_SetPriority  stm32f4xx_hal_cortex.o
    0x08003b06   0x08003b06   0x0000007a   Code   RO         3261    i.__hardfp_sqrt     m_wm.l(sqrt.o)
    0x08003b80   0x08003b80   0x0000000e   Code   RO         3218    i._is_digit         c_w.l(__printf_wp.o)
    0x08003b8e   0x08003b8e   0x00000002   PAD
    0x08003b90   0x08003b90   0x000000d8   Code   RO         3082    i.car_control       car.o
    0x08003c68   0x08003c68   0x00000018   Code   RO         3083    i.car_init          car.o
    0x08003c80   0x08003c80   0x00000070   Code   RO         3114    i.control_motor     motor.o
    0x08003cf0   0x08003cf0   0x00000038   Code   RO           25    i.filter            main.o
    0x08003d28   0x08003d28   0x0000003c   Code   RO         3042    i.get_info_cmd      response.o
    0x08003d64   0x08003d64   0x0000005c   Code   RO         3043    i.get_speed         response.o
    0x08003dc0   0x08003dc0   0x000001bc   Code   RO           26    i.main              main.o
    0x08003f7c   0x08003f7c   0x00000030   Code   RO         3115    i.motor_init        motor.o
    0x08003fac   0x08003fac   0x00000044   Code   RO         3116    i.pwm_set_duty      motor.o
    0x08003ff0   0x08003ff0   0x00000054   Code   RO         3044    i.response_uart     response.o
    0x08004044   0x08004044   0x00000080   Code   RO         3158    i.soft_start        pid.o
    0x080040c4   0x080040c4   0x000000f8   Code   RO         3005    i.uart_handle       uart.o
    0x080041bc   0x080041bc   0x0000002c   Code   RO         3006    i.uart_receive_data  uart.o
    0x080041e8   0x080041e8   0x0000002c   Code   RO         3361    locale$$code        c_w.l(lc_numeric_c.o)
    0x08004214   0x08004214   0x00000062   Code   RO         3241    x$fpl$d2f           fz_wm.l(d2f.o)
    0x08004276   0x08004276   0x00000002   PAD
    0x08004278   0x08004278   0x00000150   Code   RO         3243    x$fpl$dadd          fz_wm.l(daddsub_clz.o)
    0x080043c8   0x080043c8   0x000002b0   Code   RO         3250    x$fpl$ddiv          fz_wm.l(ddiv.o)
    0x08004678   0x08004678   0x00000154   Code   RO         3253    x$fpl$dmul          fz_wm.l(dmul.o)
    0x080047cc   0x080047cc   0x0000009c   Code   RO         3291    x$fpl$dnaninf       fz_wm.l(dnaninf.o)
    0x08004868   0x08004868   0x0000000c   Code   RO         3293    x$fpl$dretinf       fz_wm.l(dretinf.o)
    0x08004874   0x08004874   0x00000198   Code   RO         3295    x$fpl$dsqrt         fz_wm.l(dsqrt_umaal.o)
    0x08004a0c   0x08004a0c   0x000001d4   Code   RO         3245    x$fpl$dsub          fz_wm.l(daddsub_clz.o)
    0x08004be0   0x08004be0   0x00000056   Code   RO         3255    x$fpl$f2d           fz_wm.l(f2d.o)
    0x08004c36   0x08004c36   0x00000060   Code   RO         3257    x$fpl$ffltll        fz_wm.l(ffltll_clz.o)
    0x08004c96   0x08004c96   0x0000008c   Code   RO         3297    x$fpl$fnaninf       fz_wm.l(fnaninf.o)
    0x08004d22   0x08004d22   0x0000000a   Code   RO         3447    x$fpl$fpinit        fz_wm.l(fpinit.o)
    0x08004d2c   0x08004d2c   0x0000000a   Code   RO         3299    x$fpl$fretinf       fz_wm.l(fretinf.o)
    0x08004d36   0x08004d36   0x00000004   Code   RO         3259    x$fpl$printf1       fz_wm.l(printf1.o)
    0x08004d3a   0x08004d3a   0x00000000   Code   RO         3301    x$fpl$usenofp       fz_wm.l(usenofp.o)
    0x08004d3a   0x08004d3a   0x00000010   Data   RO         2969    .constdata          system_stm32f4xx.o
    0x08004d4a   0x08004d4a   0x00000008   Data   RO         2970    .constdata          system_stm32f4xx.o
    0x08004d52   0x08004d52   0x00000002   PAD
    0x08004d54   0x08004d54   0x00000094   Data   RO         3336    .constdata          c_w.l(bigflt0.o)
    0x08004de8   0x08004de8   0x00000020   Data   RO         3516    Region$$Table       anon$$obj.o
    0x08004e08   0x08004e08   0x0000001c   Data   RO         3360    locale$$data        c_w.l(lc_numeric_c.o)


    Execution Region RW_IRAM1 (Exec base: 0x20000000, Load base: 0x08004e24, Size: 0x00000a20, Max: 0x00020000, ABSOLUTE)

    Exec Addr    Load Addr    Size         Type   Attr      Idx    E Section Name        Object

    0x20000000   0x08004e24   0x00000078   Data   RW           29    .data               main.o
    0x20000078   0x08004e9c   0x0000000c   Data   RW         2373    .data               stm32f4xx_hal.o
    0x20000084   0x08004ea8   0x00000004   Data   RW         2971    .data               system_stm32f4xx.o
    0x20000088   0x08004eac   0x00000008   Data   RW         3007    .data               uart.o
    0x20000090   0x08004eb4   0x00000008   Data   RW         3045    .data               response.o
    0x20000098   0x08004ebc   0x00000004   Data   RW         3231    .data               c_w.l(strtok.o)
    0x2000009c        -       0x000002fa   Zero   RW           27    .bss                main.o
    0x20000396        -       0x00000028   Zero   RW           28    .bss                main.o
    0x200003be   0x08004ec0   0x00000002   PAD
    0x200003c0        -       0x00000060   Zero   RW         3374    .bss                c_w.l(libspace.o)
    0x20000420        -       0x00000200   Zero   RW            2    HEAP                startup_stm32f411xe.o
    0x20000620        -       0x00000400   Zero   RW            1    STACK               startup_stm32f411xe.o


==============================================================================

Image component sizes


      Code (inc. data)   RO Data    RW Data    ZI Data      Debug   Object Name

       240         22          0          0          0       1321   car.o
      2848        256          0        120        802     434245   main.o
       238         16          0          0          0       2666   motor.o
       344         34          0          0          0       3140   pid.o
       236         46          0          8          0       2292   response.o
        64         26        408          0       1536        856   startup_stm32f411xe.o
       144         24          0         12          0       8709   stm32f4xx_hal.o
       198         14          0          0          0      33879   stm32f4xx_hal_cortex.o
       182          0          0          0          0       2135   stm32f4xx_hal_dma.o
       490         34          0          0          0       2204   stm32f4xx_hal_gpio.o
       708         82          0          0          0       4694   stm32f4xx_hal_msp.o
      1348         76          0          0          0       5324   stm32f4xx_hal_rcc.o
      2222        112          0          0          0      19256   stm32f4xx_hal_tim.o
       128         20          0          0          0       2529   stm32f4xx_hal_tim_ex.o
      1656         14          0          0          0      11592   stm32f4xx_hal_uart.o
        60         16          0          0          0       5277   stm32f4xx_it.o
        16          4         24          4          0       1163   system_stm32f4xx.o
       292         74          0          8          0       1614   uart.o

    ----------------------------------------------------------------------
     11428        870        466        152       2340     542896   Object Totals
         0          0         32          0          0          0   (incl. Generated)
        14          0          2          0          2          0   (incl. Padding)

    ----------------------------------------------------------------------

      Code (inc. data)   RO Data    RW Data    ZI Data      Debug   Library Member Name

         8          0          0          0          0         68   __main.o
       284          0          0          0          0        156   __printf_wp.o
         0          0          0          0          0          0   __rtentry.o
        12          0          0          0          0          0   __rtentry2.o
         6          0          0          0          0          0   __rtentry4.o
        52          8          0          0          0          0   __scatter.o
        26          0          0          0          0          0   __scatter_copy.o
        28          0          0          0          0          0   __scatter_zi.o
        48          6          0          0          0         96   _printf_char_common.o
         6          0          0          0          0          0   _printf_f.o
      1054          0          0          0          0        216   _printf_fp_dec.o
       128         16          0          0          0         84   _printf_fp_infnan.o
         0          0          0          0          0          0   _printf_percent.o
         4          0          0          0          0          0   _printf_percent_end.o
        22          0          0          0          0        100   _rserrno.o
        10          0          0          0          0         68   _sputc.o
       228          4        148          0          0         96   bigflt0.o
      1936        128          0          0          0        672   btod.o
        18          0          0          0          0         80   exit.o
         6          0          0          0          0        152   heapauxi.o
         0          0          0          0          0          0   indicate_semi.o
        44         10         28          0          0         76   lc_numeric_c.o
         2          0          0          0          0          0   libinit.o
        22          0          0          0          0          0   libinit2.o
         2          0          0          0          0          0   libshutdown.o
         2          0          0          0          0          0   libshutdown2.o
         8          4          0          0         96         68   libspace.o
       138          0          0          0          0         80   lludiv10.o
       238          0          0          0          0        100   lludivv7m.o
        40          6          0          0          0         84   noretval__2sprintf.o
         8          4          0          0          0         68   rt_errno_addr_intlibspace.o
         8          4          0          0          0         68   rt_locale_intlibspace.o
        78          0          0          0          0         80   rt_memclr_w.o
         2          0          0          0          0          0   rtexit.o
        10          0          0          0          0          0   rtexit2.o
       128          0          0          0          0         68   strcmpv7m.o
        32          0          0          0          0         80   strcspn.o
        62          0          0          0          0         76   strlen.o
        28          0          0          0          0         80   strspn.o
        12          6          0          4          0         68   strtok.o
        68          4          0          0          0         84   strtok_int.o
        12          4          0          0          0         68   sys_exit.o
        74          0          0          0          0         80   sys_stackheap_outer.o
         2          0          0          0          0         68   use_no_semi.o
        98          4          0          0          0        140   d2f.o
       804         16          0          0          0        368   daddsub_clz.o
       688        140          0          0          0        256   ddiv.o
       340         12          0          0          0        152   dmul.o
       156          4          0          0          0        140   dnaninf.o
        12          0          0          0          0        116   dretinf.o
       408         56          0          0          0        168   dsqrt_umaal.o
        86          4          0          0          0        132   f2d.o
        96          0          0          0          0        132   ffltll_clz.o
       140          4          0          0          0        132   fnaninf.o
        10          0          0          0          0        116   fpinit.o
        10          0          0          0          0        116   fretinf.o
         4          0          0          0          0        116   printf1.o
         0          0          0          0          0          0   usenofp.o
        48          0          0          0          0        124   fpclassify.o
       122          0          0          0          0        148   sqrt.o

    ----------------------------------------------------------------------
      7934        444        176          4         96       5440   Library Totals
        16          0          0          0          0          0   (incl. Padding)

    ----------------------------------------------------------------------

      Code (inc. data)   RO Data    RW Data    ZI Data      Debug   Library Name

      4896        204        176          4         96       3084   c_w.l
      2852        240          0          0          0       2084   fz_wm.l
       170          0          0          0          0        272   m_wm.l

    ----------------------------------------------------------------------
      7934        444        176          4         96       5440   Library Totals

    ----------------------------------------------------------------------

==============================================================================


      Code (inc. data)   RO Data    RW Data    ZI Data      Debug   

     19362       1314        642        156       2436     535920   Grand Totals
     19362       1314        642        156       2436     535920   ELF Image Totals
     19362       1314        642        156          0          0   ROM Totals

==============================================================================

    Total RO  Size (Code + RO Data)                20004 (  19.54kB)
    Total RW  Size (RW Data + ZI Data)              2592 (   2.53kB)
    Total ROM Size (Code + RO Data + RW Data)      20160 (  19.69kB)

==============================================================================

